[0.025s] Invoking command in '/home/admin/workspace/host_udp_ws/build/cspc_lidar': CMAKE_PREFIX_PATH=${CMAKE_PREFIX_PATH}:/opt/ros/humble /usr/bin/cmake --build /home/admin/workspace/host_udp_ws/build/cspc_lidar -- -j8 -l8
[0.235s] [100%] Built target cspc_lidar
[0.277s] Invoked command in '/home/admin/workspace/host_udp_ws/build/cspc_lidar' returned '0': CMAKE_PREFIX_PATH=${CMAKE_PREFIX_PATH}:/opt/ros/humble /usr/bin/cmake --build /home/admin/workspace/host_udp_ws/build/cspc_lidar -- -j8 -l8
[0.312s] Invoking command in '/home/admin/workspace/host_udp_ws/build/cspc_lidar': CMAKE_PREFIX_PATH=${CMAKE_PREFIX_PATH}:/opt/ros/humble /usr/bin/cmake --install /home/admin/workspace/host_udp_ws/build/cspc_lidar
[0.344s] -- Install configuration: ""
[0.345s] -- Up-to-date: /home/admin/workspace/host_udp_ws/install/cspc_lidar/lib/cspc_lidar/cspc_lidar
[0.346s] -- Up-to-date: /home/admin/workspace/host_udp_ws/install/cspc_lidar/lib/cspc_lidar/front_distance_tester.py
[0.346s] -- Up-to-date: /home/admin/workspace/host_udp_ws/install/cspc_lidar/share/cspc_lidar/launch
[0.347s] -- Up-to-date: /home/admin/workspace/host_udp_ws/install/cspc_lidar/share/cspc_lidar/launch/lidar_launch.py
[0.347s] -- Up-to-date: /home/admin/workspace/host_udp_ws/install/cspc_lidar/share/cspc_lidar/launch/lidar_rviz.py
[0.348s] -- Up-to-date: /home/admin/workspace/host_udp_ws/install/cspc_lidar/share/cspc_lidar/params
[0.348s] -- Up-to-date: /home/admin/workspace/host_udp_ws/install/cspc_lidar/share/cspc_lidar/params/cspc_lidar.yaml
[0.349s] -- Up-to-date: /home/admin/workspace/host_udp_ws/install/cspc_lidar/share/ament_index/resource_index/package_run_dependencies/cspc_lidar
[0.350s] -- Up-to-date: /home/admin/workspace/host_udp_ws/install/cspc_lidar/share/ament_index/resource_index/parent_prefix_path/cspc_lidar
[0.350s] -- Up-to-date: /home/admin/workspace/host_udp_ws/install/cspc_lidar/share/cspc_lidar/environment/ament_prefix_path.sh
[0.351s] -- Up-to-date: /home/admin/workspace/host_udp_ws/install/cspc_lidar/share/cspc_lidar/environment/ament_prefix_path.dsv
[0.353s] -- Up-to-date: /home/admin/workspace/host_udp_ws/install/cspc_lidar/share/cspc_lidar/environment/path.sh
[0.354s] -- Up-to-date: /home/admin/workspace/host_udp_ws/install/cspc_lidar/share/cspc_lidar/environment/path.dsv
[0.357s] -- Up-to-date: /home/admin/workspace/host_udp_ws/install/cspc_lidar/share/cspc_lidar/local_setup.bash
[0.358s] -- Up-to-date: /home/admin/workspace/host_udp_ws/install/cspc_lidar/share/cspc_lidar/local_setup.sh
[0.359s] -- Up-to-date: /home/admin/workspace/host_udp_ws/install/cspc_lidar/share/cspc_lidar/local_setup.zsh
[0.360s] -- Up-to-date: /home/admin/workspace/host_udp_ws/install/cspc_lidar/share/cspc_lidar/local_setup.dsv
[0.362s] -- Installing: /home/admin/workspace/host_udp_ws/install/cspc_lidar/share/cspc_lidar/package.dsv
[0.362s] -- Up-to-date: /home/admin/workspace/host_udp_ws/install/cspc_lidar/share/ament_index/resource_index/packages/cspc_lidar
[0.363s] -- Up-to-date: /home/admin/workspace/host_udp_ws/install/cspc_lidar/share/cspc_lidar/cmake/cspc_lidarConfig.cmake
[0.363s] -- Up-to-date: /home/admin/workspace/host_udp_ws/install/cspc_lidar/share/cspc_lidar/cmake/cspc_lidarConfig-version.cmake
[0.364s] -- Up-to-date: /home/admin/workspace/host_udp_ws/install/cspc_lidar/share/cspc_lidar/package.xml
[0.365s] Invoked command in '/home/admin/workspace/host_udp_ws/build/cspc_lidar' returned '0': CMAKE_PREFIX_PATH=${CMAKE_PREFIX_PATH}:/opt/ros/humble /usr/bin/cmake --install /home/admin/workspace/host_udp_ws/build/cspc_lidar
