[0.151s] DEBUG:colcon:Command line arguments: ['/usr/bin/colcon', 'build']
[0.151s] DEBUG:colcon:Parsed command line arguments: Namespace(log_base=None, log_level=None, verb_name='build', build_base='build', install_base='install', merge_install=False, symlink_install=False, test_result_base=None, continue_on_error=False, executor='parallel', parallel_workers=8, event_handlers=None, ignore_user_meta=False, metas=['./colcon.meta'], base_paths=['.'], packages_ignore=None, packages_ignore_regex=None, paths=None, packages_up_to=None, packages_up_to_regex=None, packages_above=None, packages_above_and_dependencies=None, packages_above_depth=None, packages_select_by_dep=None, packages_skip_by_dep=None, packages_skip_up_to=None, packages_select_build_failed=False, packages_skip_build_finished=False, packages_select_test_failures=False, packages_skip_test_passed=False, packages_select=None, packages_skip=None, packages_select_regex=None, packages_skip_regex=None, packages_start=None, packages_end=None, cmake_args=None, cmake_target=None, cmake_target_skip_unavailable=False, cmake_clean_cache=False, cmake_clean_first=False, cmake_force_configure=False, ament_cmake_args=None, catkin_cmake_args=None, catkin_skip_building_tests=False, verb_parser=<colcon_defaults.argument_parser.defaults.DefaultArgumentsDecorator object at 0x7f926dabc0>, verb_extension=<colcon_core.verb.build.BuildVerb object at 0x7f926da6b0>, main=<bound method BuildVerb.main of <colcon_core.verb.build.BuildVerb object at 0x7f926da6b0>>)
[0.355s] Level 1:colcon.colcon_core.package_discovery:discover_packages(colcon_meta) check parameters
[0.355s] Level 1:colcon.colcon_core.package_discovery:discover_packages(recursive) check parameters
[0.355s] Level 1:colcon.colcon_core.package_discovery:discover_packages(ignore) check parameters
[0.355s] Level 1:colcon.colcon_core.package_discovery:discover_packages(path) check parameters
[0.355s] Level 1:colcon.colcon_core.package_discovery:discover_packages(colcon_meta) discover
[0.355s] Level 1:colcon.colcon_core.package_discovery:discover_packages(recursive) discover
[0.355s] INFO:colcon.colcon_core.package_discovery:Crawling recursively for packages in '/home/admin/workspace/host_udp_ws'
[0.355s] Level 1:colcon.colcon_core.package_identification:_identify(.) by extensions ['ignore', 'ignore_ament_install']
[0.356s] Level 1:colcon.colcon_core.package_identification:_identify(.) by extension 'ignore'
[0.356s] Level 1:colcon.colcon_core.package_identification:_identify(.) by extension 'ignore_ament_install'
[0.356s] Level 1:colcon.colcon_core.package_identification:_identify(.) by extensions ['colcon_pkg']
[0.356s] Level 1:colcon.colcon_core.package_identification:_identify(.) by extension 'colcon_pkg'
[0.356s] Level 1:colcon.colcon_core.package_identification:_identify(.) by extensions ['colcon_meta']
[0.356s] Level 1:colcon.colcon_core.package_identification:_identify(.) by extension 'colcon_meta'
[0.356s] Level 1:colcon.colcon_core.package_identification:_identify(.) by extensions ['ros']
[0.356s] Level 1:colcon.colcon_core.package_identification:_identify(.) by extension 'ros'
[0.375s] Level 1:colcon.colcon_core.package_identification:_identify(.) by extensions ['cmake', 'python']
[0.375s] Level 1:colcon.colcon_core.package_identification:_identify(.) by extension 'cmake'
[0.375s] Level 1:colcon.colcon_core.package_identification:_identify(.) by extension 'python'
[0.375s] Level 1:colcon.colcon_core.package_identification:_identify(.) by extensions ['python_setup_py']
[0.375s] Level 1:colcon.colcon_core.package_identification:_identify(.) by extension 'python_setup_py'
[0.376s] Level 1:colcon.colcon_core.package_identification:_identify(build) by extensions ['ignore', 'ignore_ament_install']
[0.376s] Level 1:colcon.colcon_core.package_identification:_identify(build) by extension 'ignore'
[0.376s] Level 1:colcon.colcon_core.package_identification:_identify(build) ignored
[0.376s] Level 1:colcon.colcon_core.package_identification:_identify(install) by extensions ['ignore', 'ignore_ament_install']
[0.376s] Level 1:colcon.colcon_core.package_identification:_identify(install) by extension 'ignore'
[0.376s] Level 1:colcon.colcon_core.package_identification:_identify(install) ignored
[0.376s] Level 1:colcon.colcon_core.package_identification:_identify(log) by extensions ['ignore', 'ignore_ament_install']
[0.376s] Level 1:colcon.colcon_core.package_identification:_identify(log) by extension 'ignore'
[0.376s] Level 1:colcon.colcon_core.package_identification:_identify(log) ignored
[0.377s] Level 1:colcon.colcon_core.package_identification:_identify(src) by extensions ['ignore', 'ignore_ament_install']
[0.377s] Level 1:colcon.colcon_core.package_identification:_identify(src) by extension 'ignore'
[0.377s] Level 1:colcon.colcon_core.package_identification:_identify(src) by extension 'ignore_ament_install'
[0.377s] Level 1:colcon.colcon_core.package_identification:_identify(src) by extensions ['colcon_pkg']
[0.377s] Level 1:colcon.colcon_core.package_identification:_identify(src) by extension 'colcon_pkg'
[0.377s] Level 1:colcon.colcon_core.package_identification:_identify(src) by extensions ['colcon_meta']
[0.377s] Level 1:colcon.colcon_core.package_identification:_identify(src) by extension 'colcon_meta'
[0.377s] Level 1:colcon.colcon_core.package_identification:_identify(src) by extensions ['ros']
[0.377s] Level 1:colcon.colcon_core.package_identification:_identify(src) by extension 'ros'
[0.377s] Level 1:colcon.colcon_core.package_identification:_identify(src) by extensions ['cmake', 'python']
[0.377s] Level 1:colcon.colcon_core.package_identification:_identify(src) by extension 'cmake'
[0.377s] Level 1:colcon.colcon_core.package_identification:_identify(src) by extension 'python'
[0.377s] Level 1:colcon.colcon_core.package_identification:_identify(src) by extensions ['python_setup_py']
[0.377s] Level 1:colcon.colcon_core.package_identification:_identify(src) by extension 'python_setup_py'
[0.377s] Level 1:colcon.colcon_core.package_identification:_identify(src/cspc_lidar_sdk_ros2) by extensions ['ignore', 'ignore_ament_install']
[0.377s] Level 1:colcon.colcon_core.package_identification:_identify(src/cspc_lidar_sdk_ros2) by extension 'ignore'
[0.378s] Level 1:colcon.colcon_core.package_identification:_identify(src/cspc_lidar_sdk_ros2) by extension 'ignore_ament_install'
[0.378s] Level 1:colcon.colcon_core.package_identification:_identify(src/cspc_lidar_sdk_ros2) by extensions ['colcon_pkg']
[0.378s] Level 1:colcon.colcon_core.package_identification:_identify(src/cspc_lidar_sdk_ros2) by extension 'colcon_pkg'
[0.378s] Level 1:colcon.colcon_core.package_identification:_identify(src/cspc_lidar_sdk_ros2) by extensions ['colcon_meta']
[0.378s] Level 1:colcon.colcon_core.package_identification:_identify(src/cspc_lidar_sdk_ros2) by extension 'colcon_meta'
[0.378s] Level 1:colcon.colcon_core.package_identification:_identify(src/cspc_lidar_sdk_ros2) by extensions ['ros']
[0.378s] Level 1:colcon.colcon_core.package_identification:_identify(src/cspc_lidar_sdk_ros2) by extension 'ros'
[0.382s] DEBUG:colcon.colcon_core.package_identification:Package 'src/cspc_lidar_sdk_ros2' with type 'ros.ament_cmake' and name 'cspc_lidar'
[0.382s] Level 1:colcon.colcon_core.package_identification:_identify(src/dog_udp_comm) by extensions ['ignore', 'ignore_ament_install']
[0.382s] Level 1:colcon.colcon_core.package_identification:_identify(src/dog_udp_comm) by extension 'ignore'
[0.382s] Level 1:colcon.colcon_core.package_identification:_identify(src/dog_udp_comm) by extension 'ignore_ament_install'
[0.382s] Level 1:colcon.colcon_core.package_identification:_identify(src/dog_udp_comm) by extensions ['colcon_pkg']
[0.382s] Level 1:colcon.colcon_core.package_identification:_identify(src/dog_udp_comm) by extension 'colcon_pkg'
[0.382s] Level 1:colcon.colcon_core.package_identification:_identify(src/dog_udp_comm) by extensions ['colcon_meta']
[0.382s] Level 1:colcon.colcon_core.package_identification:_identify(src/dog_udp_comm) by extension 'colcon_meta'
[0.382s] Level 1:colcon.colcon_core.package_identification:_identify(src/dog_udp_comm) by extensions ['ros']
[0.382s] Level 1:colcon.colcon_core.package_identification:_identify(src/dog_udp_comm) by extension 'ros'
[0.384s] DEBUG:colcon.colcon_core.package_identification:Package 'src/dog_udp_comm' with type 'ros.ament_cmake' and name 'dog_udp_comm'
[0.384s] Level 1:colcon.colcon_core.package_discovery:discover_packages(recursive) using defaults
[0.384s] Level 1:colcon.colcon_core.package_discovery:discover_packages(ignore) discover
[0.384s] Level 1:colcon.colcon_core.package_discovery:discover_packages(ignore) using defaults
[0.384s] Level 1:colcon.colcon_core.package_discovery:discover_packages(path) discover
[0.384s] Level 1:colcon.colcon_core.package_discovery:discover_packages(path) using defaults
[0.413s] Level 5:colcon.colcon_core.verb:set package 'cspc_lidar' build argument 'cmake_args' from command line to 'None'
[0.413s] Level 5:colcon.colcon_core.verb:set package 'cspc_lidar' build argument 'cmake_target' from command line to 'None'
[0.413s] Level 5:colcon.colcon_core.verb:set package 'cspc_lidar' build argument 'cmake_target_skip_unavailable' from command line to 'False'
[0.413s] Level 5:colcon.colcon_core.verb:set package 'cspc_lidar' build argument 'cmake_clean_cache' from command line to 'False'
[0.413s] Level 5:colcon.colcon_core.verb:set package 'cspc_lidar' build argument 'cmake_clean_first' from command line to 'False'
[0.413s] Level 5:colcon.colcon_core.verb:set package 'cspc_lidar' build argument 'cmake_force_configure' from command line to 'False'
[0.413s] Level 5:colcon.colcon_core.verb:set package 'cspc_lidar' build argument 'ament_cmake_args' from command line to 'None'
[0.413s] Level 5:colcon.colcon_core.verb:set package 'cspc_lidar' build argument 'catkin_cmake_args' from command line to 'None'
[0.413s] Level 5:colcon.colcon_core.verb:set package 'cspc_lidar' build argument 'catkin_skip_building_tests' from command line to 'False'
[0.413s] DEBUG:colcon.colcon_core.verb:Building package 'cspc_lidar' with the following arguments: {'ament_cmake_args': None, 'build_base': '/home/admin/workspace/host_udp_ws/build/cspc_lidar', 'catkin_cmake_args': None, 'catkin_skip_building_tests': False, 'cmake_args': None, 'cmake_clean_cache': False, 'cmake_clean_first': False, 'cmake_force_configure': False, 'cmake_target': None, 'cmake_target_skip_unavailable': False, 'install_base': '/home/admin/workspace/host_udp_ws/install/cspc_lidar', 'merge_install': False, 'path': '/home/admin/workspace/host_udp_ws/src/cspc_lidar_sdk_ros2', 'symlink_install': False, 'test_result_base': None}
[0.414s] Level 5:colcon.colcon_core.verb:set package 'dog_udp_comm' build argument 'cmake_args' from command line to 'None'
[0.414s] Level 5:colcon.colcon_core.verb:set package 'dog_udp_comm' build argument 'cmake_target' from command line to 'None'
[0.414s] Level 5:colcon.colcon_core.verb:set package 'dog_udp_comm' build argument 'cmake_target_skip_unavailable' from command line to 'False'
[0.414s] Level 5:colcon.colcon_core.verb:set package 'dog_udp_comm' build argument 'cmake_clean_cache' from command line to 'False'
[0.414s] Level 5:colcon.colcon_core.verb:set package 'dog_udp_comm' build argument 'cmake_clean_first' from command line to 'False'
[0.414s] Level 5:colcon.colcon_core.verb:set package 'dog_udp_comm' build argument 'cmake_force_configure' from command line to 'False'
[0.414s] Level 5:colcon.colcon_core.verb:set package 'dog_udp_comm' build argument 'ament_cmake_args' from command line to 'None'
[0.414s] Level 5:colcon.colcon_core.verb:set package 'dog_udp_comm' build argument 'catkin_cmake_args' from command line to 'None'
[0.414s] Level 5:colcon.colcon_core.verb:set package 'dog_udp_comm' build argument 'catkin_skip_building_tests' from command line to 'False'
[0.414s] DEBUG:colcon.colcon_core.verb:Building package 'dog_udp_comm' with the following arguments: {'ament_cmake_args': None, 'build_base': '/home/admin/workspace/host_udp_ws/build/dog_udp_comm', 'catkin_cmake_args': None, 'catkin_skip_building_tests': False, 'cmake_args': None, 'cmake_clean_cache': False, 'cmake_clean_first': False, 'cmake_force_configure': False, 'cmake_target': None, 'cmake_target_skip_unavailable': False, 'install_base': '/home/admin/workspace/host_udp_ws/install/dog_udp_comm', 'merge_install': False, 'path': '/home/admin/workspace/host_udp_ws/src/dog_udp_comm', 'symlink_install': False, 'test_result_base': None}
[0.414s] INFO:colcon.colcon_core.executor:Executing jobs using 'parallel' executor
[0.416s] DEBUG:colcon.colcon_parallel_executor.executor.parallel:run_until_complete
[0.416s] INFO:colcon.colcon_ros.task.ament_cmake.build:Building ROS package in '/home/admin/workspace/host_udp_ws/src/cspc_lidar_sdk_ros2' with build type 'ament_cmake'
[0.417s] INFO:colcon.colcon_cmake.task.cmake.build:Building CMake package in '/home/admin/workspace/host_udp_ws/src/cspc_lidar_sdk_ros2'
[0.420s] INFO:colcon.colcon_core.plugin_system:Skipping extension 'colcon_core.shell.bat': Not used on non-Windows systems
[0.420s] INFO:colcon.colcon_core.shell:Skip shell extension 'powershell' for command environment: Not usable outside of PowerShell
[0.420s] DEBUG:colcon.colcon_core.shell:Skip shell extension 'dsv' for command environment
[0.440s] DEBUG:colcon.colcon_core.event_handler.log_command:Invoking command in '/home/admin/workspace/host_udp_ws/build/cspc_lidar': CMAKE_PREFIX_PATH=/opt/ros/humble /usr/bin/cmake /home/admin/workspace/host_udp_ws/src/cspc_lidar_sdk_ros2 -DCMAKE_INSTALL_PREFIX=/home/admin/workspace/host_udp_ws/install/cspc_lidar
[8.575s] DEBUG:colcon.colcon_core.event_handler.log_command:Invoked command in '/home/admin/workspace/host_udp_ws/build/cspc_lidar' returned '0': CMAKE_PREFIX_PATH=/opt/ros/humble /usr/bin/cmake /home/admin/workspace/host_udp_ws/src/cspc_lidar_sdk_ros2 -DCMAKE_INSTALL_PREFIX=/home/admin/workspace/host_udp_ws/install/cspc_lidar
[8.586s] DEBUG:colcon.colcon_core.event_handler.log_command:Invoking command in '/home/admin/workspace/host_udp_ws/build/cspc_lidar': CMAKE_PREFIX_PATH=/opt/ros/humble /usr/bin/cmake --build /home/admin/workspace/host_udp_ws/build/cspc_lidar -- -j8 -l8
[34.489s] DEBUG:colcon.colcon_core.event_handler.log_command:Invoked command in '/home/admin/workspace/host_udp_ws/build/cspc_lidar' returned '0': CMAKE_PREFIX_PATH=/opt/ros/humble /usr/bin/cmake --build /home/admin/workspace/host_udp_ws/build/cspc_lidar -- -j8 -l8
[34.530s] DEBUG:colcon.colcon_core.event_handler.log_command:Invoking command in '/home/admin/workspace/host_udp_ws/build/cspc_lidar': CMAKE_PREFIX_PATH=/opt/ros/humble /usr/bin/cmake --install /home/admin/workspace/host_udp_ws/build/cspc_lidar
[34.586s] Level 1:colcon.colcon_core.environment:create_environment_scripts_only(cspc_lidar)
[34.589s] DEBUG:colcon.colcon_core.event_handler.log_command:Invoked command in '/home/admin/workspace/host_udp_ws/build/cspc_lidar' returned '0': CMAKE_PREFIX_PATH=/opt/ros/humble /usr/bin/cmake --install /home/admin/workspace/host_udp_ws/build/cspc_lidar
[34.599s] Level 1:colcon.colcon_core.environment:checking '/home/admin/workspace/host_udp_ws/install/cspc_lidar' for CMake module files
[34.601s] Level 1:colcon.colcon_core.environment:checking '/home/admin/workspace/host_udp_ws/install/cspc_lidar' for CMake config files
[34.602s] Level 1:colcon.colcon_core.shell:create_environment_hook('cspc_lidar', 'cmake_prefix_path')
[34.603s] INFO:colcon.colcon_core.shell:Creating environment hook '/home/admin/workspace/host_udp_ws/install/cspc_lidar/share/cspc_lidar/hook/cmake_prefix_path.ps1'
[34.608s] INFO:colcon.colcon_core.shell:Creating environment descriptor '/home/admin/workspace/host_udp_ws/install/cspc_lidar/share/cspc_lidar/hook/cmake_prefix_path.dsv'
[34.610s] INFO:colcon.colcon_core.shell:Creating environment hook '/home/admin/workspace/host_udp_ws/install/cspc_lidar/share/cspc_lidar/hook/cmake_prefix_path.sh'
[34.614s] Level 1:colcon.colcon_core.environment:checking '/home/admin/workspace/host_udp_ws/install/cspc_lidar/lib'
[34.614s] Level 1:colcon.colcon_core.environment:checking '/home/admin/workspace/host_udp_ws/install/cspc_lidar/bin'
[34.615s] Level 1:colcon.colcon_core.environment:checking '/home/admin/workspace/host_udp_ws/install/cspc_lidar/lib/pkgconfig/cspc_lidar.pc'
[34.623s] Level 1:colcon.colcon_core.environment:checking '/home/admin/workspace/host_udp_ws/install/cspc_lidar/lib/python3.10/site-packages'
[34.625s] Level 1:colcon.colcon_core.environment:checking '/home/admin/workspace/host_udp_ws/install/cspc_lidar/bin'
[34.627s] INFO:colcon.colcon_core.shell:Creating package script '/home/admin/workspace/host_udp_ws/install/cspc_lidar/share/cspc_lidar/package.ps1'
[34.633s] INFO:colcon.colcon_core.shell:Creating package descriptor '/home/admin/workspace/host_udp_ws/install/cspc_lidar/share/cspc_lidar/package.dsv'
[34.636s] INFO:colcon.colcon_core.shell:Creating package script '/home/admin/workspace/host_udp_ws/install/cspc_lidar/share/cspc_lidar/package.sh'
[34.639s] INFO:colcon.colcon_core.shell:Creating package script '/home/admin/workspace/host_udp_ws/install/cspc_lidar/share/cspc_lidar/package.bash'
[34.654s] INFO:colcon.colcon_core.shell:Creating package script '/home/admin/workspace/host_udp_ws/install/cspc_lidar/share/cspc_lidar/package.zsh'
[34.658s] Level 1:colcon.colcon_core.environment:create_file_with_runtime_dependencies(/home/admin/workspace/host_udp_ws/install/cspc_lidar/share/colcon-core/packages/cspc_lidar)
[34.662s] Level 1:colcon.colcon_core.environment:create_environment_scripts_only(cspc_lidar)
[34.664s] Level 1:colcon.colcon_core.environment:checking '/home/admin/workspace/host_udp_ws/install/cspc_lidar' for CMake module files
[34.668s] Level 1:colcon.colcon_core.environment:checking '/home/admin/workspace/host_udp_ws/install/cspc_lidar' for CMake config files
[34.670s] Level 1:colcon.colcon_core.shell:create_environment_hook('cspc_lidar', 'cmake_prefix_path')
[34.670s] INFO:colcon.colcon_core.shell:Creating environment hook '/home/admin/workspace/host_udp_ws/install/cspc_lidar/share/cspc_lidar/hook/cmake_prefix_path.ps1'
[34.671s] INFO:colcon.colcon_core.shell:Creating environment descriptor '/home/admin/workspace/host_udp_ws/install/cspc_lidar/share/cspc_lidar/hook/cmake_prefix_path.dsv'
[34.672s] INFO:colcon.colcon_core.shell:Creating environment hook '/home/admin/workspace/host_udp_ws/install/cspc_lidar/share/cspc_lidar/hook/cmake_prefix_path.sh'
[34.672s] Level 1:colcon.colcon_core.environment:checking '/home/admin/workspace/host_udp_ws/install/cspc_lidar/lib'
[34.673s] Level 1:colcon.colcon_core.environment:checking '/home/admin/workspace/host_udp_ws/install/cspc_lidar/bin'
[34.673s] Level 1:colcon.colcon_core.environment:checking '/home/admin/workspace/host_udp_ws/install/cspc_lidar/lib/pkgconfig/cspc_lidar.pc'
[34.673s] Level 1:colcon.colcon_core.environment:checking '/home/admin/workspace/host_udp_ws/install/cspc_lidar/lib/python3.10/site-packages'
[34.674s] Level 1:colcon.colcon_core.environment:checking '/home/admin/workspace/host_udp_ws/install/cspc_lidar/bin'
[34.674s] INFO:colcon.colcon_core.shell:Creating package script '/home/admin/workspace/host_udp_ws/install/cspc_lidar/share/cspc_lidar/package.ps1'
[34.675s] INFO:colcon.colcon_core.shell:Creating package descriptor '/home/admin/workspace/host_udp_ws/install/cspc_lidar/share/cspc_lidar/package.dsv'
[34.676s] INFO:colcon.colcon_core.shell:Creating package script '/home/admin/workspace/host_udp_ws/install/cspc_lidar/share/cspc_lidar/package.sh'
[34.677s] INFO:colcon.colcon_core.shell:Creating package script '/home/admin/workspace/host_udp_ws/install/cspc_lidar/share/cspc_lidar/package.bash'
[34.677s] INFO:colcon.colcon_core.shell:Creating package script '/home/admin/workspace/host_udp_ws/install/cspc_lidar/share/cspc_lidar/package.zsh'
[34.678s] Level 1:colcon.colcon_core.environment:create_file_with_runtime_dependencies(/home/admin/workspace/host_udp_ws/install/cspc_lidar/share/colcon-core/packages/cspc_lidar)
[34.679s] INFO:colcon.colcon_ros.task.ament_cmake.build:Building ROS package in '/home/admin/workspace/host_udp_ws/src/dog_udp_comm' with build type 'ament_cmake'
[34.679s] INFO:colcon.colcon_cmake.task.cmake.build:Building CMake package in '/home/admin/workspace/host_udp_ws/src/dog_udp_comm'
[34.679s] INFO:colcon.colcon_core.shell:Skip shell extension 'powershell' for command environment: Not usable outside of PowerShell
[34.680s] DEBUG:colcon.colcon_core.shell:Skip shell extension 'dsv' for command environment
[34.701s] DEBUG:colcon.colcon_core.event_handler.log_command:Invoking command in '/home/admin/workspace/host_udp_ws/build/dog_udp_comm': AMENT_PREFIX_PATH=/home/admin/workspace/host_udp_ws/install/cspc_lidar:${AMENT_PREFIX_PATH} CMAKE_PREFIX_PATH=/home/admin/workspace/host_udp_ws/install/cspc_lidar:/opt/ros/humble /usr/bin/cmake /home/admin/workspace/host_udp_ws/src/dog_udp_comm -DCMAKE_INSTALL_PREFIX=/home/admin/workspace/host_udp_ws/install/dog_udp_comm
[37.841s] DEBUG:colcon.colcon_core.event_handler.log_command:Invoked command in '/home/admin/workspace/host_udp_ws/build/dog_udp_comm' returned '0': AMENT_PREFIX_PATH=/home/admin/workspace/host_udp_ws/install/cspc_lidar:${AMENT_PREFIX_PATH} CMAKE_PREFIX_PATH=/home/admin/workspace/host_udp_ws/install/cspc_lidar:/opt/ros/humble /usr/bin/cmake /home/admin/workspace/host_udp_ws/src/dog_udp_comm -DCMAKE_INSTALL_PREFIX=/home/admin/workspace/host_udp_ws/install/dog_udp_comm
[37.847s] DEBUG:colcon.colcon_core.event_handler.log_command:Invoking command in '/home/admin/workspace/host_udp_ws/build/dog_udp_comm': AMENT_PREFIX_PATH=/home/admin/workspace/host_udp_ws/install/cspc_lidar:${AMENT_PREFIX_PATH} CMAKE_PREFIX_PATH=/home/admin/workspace/host_udp_ws/install/cspc_lidar:/opt/ros/humble /usr/bin/cmake --build /home/admin/workspace/host_udp_ws/build/dog_udp_comm -- -j8 -l8
[54.709s] DEBUG:colcon.colcon_core.event_handler.log_command:Invoked command in '/home/admin/workspace/host_udp_ws/build/dog_udp_comm' returned '0': AMENT_PREFIX_PATH=/home/admin/workspace/host_udp_ws/install/cspc_lidar:${AMENT_PREFIX_PATH} CMAKE_PREFIX_PATH=/home/admin/workspace/host_udp_ws/install/cspc_lidar:/opt/ros/humble /usr/bin/cmake --build /home/admin/workspace/host_udp_ws/build/dog_udp_comm -- -j8 -l8
[54.714s] DEBUG:colcon.colcon_core.event_handler.log_command:Invoking command in '/home/admin/workspace/host_udp_ws/build/dog_udp_comm': AMENT_PREFIX_PATH=/home/admin/workspace/host_udp_ws/install/cspc_lidar:${AMENT_PREFIX_PATH} CMAKE_PREFIX_PATH=/home/admin/workspace/host_udp_ws/install/cspc_lidar:/opt/ros/humble /usr/bin/cmake --install /home/admin/workspace/host_udp_ws/build/dog_udp_comm
[54.771s] Level 1:colcon.colcon_core.environment:create_environment_scripts_only(dog_udp_comm)
[54.773s] Level 1:colcon.colcon_core.environment:checking '/home/admin/workspace/host_udp_ws/install/dog_udp_comm' for CMake module files
[54.776s] DEBUG:colcon.colcon_core.event_handler.log_command:Invoked command in '/home/admin/workspace/host_udp_ws/build/dog_udp_comm' returned '0': AMENT_PREFIX_PATH=/home/admin/workspace/host_udp_ws/install/cspc_lidar:${AMENT_PREFIX_PATH} CMAKE_PREFIX_PATH=/home/admin/workspace/host_udp_ws/install/cspc_lidar:/opt/ros/humble /usr/bin/cmake --install /home/admin/workspace/host_udp_ws/build/dog_udp_comm
[54.778s] Level 1:colcon.colcon_core.environment:checking '/home/admin/workspace/host_udp_ws/install/dog_udp_comm' for CMake config files
[54.779s] Level 1:colcon.colcon_core.shell:create_environment_hook('dog_udp_comm', 'cmake_prefix_path')
[54.780s] INFO:colcon.colcon_core.shell:Creating environment hook '/home/admin/workspace/host_udp_ws/install/dog_udp_comm/share/dog_udp_comm/hook/cmake_prefix_path.ps1'
[54.783s] INFO:colcon.colcon_core.shell:Creating environment descriptor '/home/admin/workspace/host_udp_ws/install/dog_udp_comm/share/dog_udp_comm/hook/cmake_prefix_path.dsv'
[54.784s] INFO:colcon.colcon_core.shell:Creating environment hook '/home/admin/workspace/host_udp_ws/install/dog_udp_comm/share/dog_udp_comm/hook/cmake_prefix_path.sh'
[54.787s] Level 1:colcon.colcon_core.environment:checking '/home/admin/workspace/host_udp_ws/install/dog_udp_comm/lib'
[54.787s] Level 1:colcon.colcon_core.environment:checking '/home/admin/workspace/host_udp_ws/install/dog_udp_comm/bin'
[54.788s] Level 1:colcon.colcon_core.environment:checking '/home/admin/workspace/host_udp_ws/install/dog_udp_comm/lib/pkgconfig/dog_udp_comm.pc'
[54.789s] Level 1:colcon.colcon_core.environment:checking '/home/admin/workspace/host_udp_ws/install/dog_udp_comm/lib/python3.10/site-packages'
[54.791s] Level 1:colcon.colcon_core.environment:checking '/home/admin/workspace/host_udp_ws/install/dog_udp_comm/bin'
[54.793s] INFO:colcon.colcon_core.shell:Creating package script '/home/admin/workspace/host_udp_ws/install/dog_udp_comm/share/dog_udp_comm/package.ps1'
[54.796s] INFO:colcon.colcon_core.shell:Creating package descriptor '/home/admin/workspace/host_udp_ws/install/dog_udp_comm/share/dog_udp_comm/package.dsv'
[54.798s] INFO:colcon.colcon_core.shell:Creating package script '/home/admin/workspace/host_udp_ws/install/dog_udp_comm/share/dog_udp_comm/package.sh'
[54.800s] INFO:colcon.colcon_core.shell:Creating package script '/home/admin/workspace/host_udp_ws/install/dog_udp_comm/share/dog_udp_comm/package.bash'
[54.802s] INFO:colcon.colcon_core.shell:Creating package script '/home/admin/workspace/host_udp_ws/install/dog_udp_comm/share/dog_udp_comm/package.zsh'
[54.803s] Level 1:colcon.colcon_core.environment:create_file_with_runtime_dependencies(/home/admin/workspace/host_udp_ws/install/dog_udp_comm/share/colcon-core/packages/dog_udp_comm)
[54.806s] Level 1:colcon.colcon_core.environment:create_environment_scripts_only(dog_udp_comm)
[54.807s] Level 1:colcon.colcon_core.environment:checking '/home/admin/workspace/host_udp_ws/install/dog_udp_comm' for CMake module files
[54.810s] Level 1:colcon.colcon_core.environment:checking '/home/admin/workspace/host_udp_ws/install/dog_udp_comm' for CMake config files
[54.811s] Level 1:colcon.colcon_core.shell:create_environment_hook('dog_udp_comm', 'cmake_prefix_path')
[54.812s] INFO:colcon.colcon_core.shell:Creating environment hook '/home/admin/workspace/host_udp_ws/install/dog_udp_comm/share/dog_udp_comm/hook/cmake_prefix_path.ps1'
[54.813s] INFO:colcon.colcon_core.shell:Creating environment descriptor '/home/admin/workspace/host_udp_ws/install/dog_udp_comm/share/dog_udp_comm/hook/cmake_prefix_path.dsv'
[54.815s] INFO:colcon.colcon_core.shell:Creating environment hook '/home/admin/workspace/host_udp_ws/install/dog_udp_comm/share/dog_udp_comm/hook/cmake_prefix_path.sh'
[54.817s] Level 1:colcon.colcon_core.environment:checking '/home/admin/workspace/host_udp_ws/install/dog_udp_comm/lib'
[54.818s] Level 1:colcon.colcon_core.environment:checking '/home/admin/workspace/host_udp_ws/install/dog_udp_comm/bin'
[54.818s] Level 1:colcon.colcon_core.environment:checking '/home/admin/workspace/host_udp_ws/install/dog_udp_comm/lib/pkgconfig/dog_udp_comm.pc'
[54.819s] Level 1:colcon.colcon_core.environment:checking '/home/admin/workspace/host_udp_ws/install/dog_udp_comm/lib/python3.10/site-packages'
[54.821s] Level 1:colcon.colcon_core.environment:checking '/home/admin/workspace/host_udp_ws/install/dog_udp_comm/bin'
[54.822s] INFO:colcon.colcon_core.shell:Creating package script '/home/admin/workspace/host_udp_ws/install/dog_udp_comm/share/dog_udp_comm/package.ps1'
[54.826s] INFO:colcon.colcon_core.shell:Creating package descriptor '/home/admin/workspace/host_udp_ws/install/dog_udp_comm/share/dog_udp_comm/package.dsv'
[54.828s] INFO:colcon.colcon_core.shell:Creating package script '/home/admin/workspace/host_udp_ws/install/dog_udp_comm/share/dog_udp_comm/package.sh'
[54.829s] INFO:colcon.colcon_core.shell:Creating package script '/home/admin/workspace/host_udp_ws/install/dog_udp_comm/share/dog_udp_comm/package.bash'
[54.830s] INFO:colcon.colcon_core.shell:Creating package script '/home/admin/workspace/host_udp_ws/install/dog_udp_comm/share/dog_udp_comm/package.zsh'
[54.832s] Level 1:colcon.colcon_core.environment:create_file_with_runtime_dependencies(/home/admin/workspace/host_udp_ws/install/dog_udp_comm/share/colcon-core/packages/dog_udp_comm)
[54.833s] DEBUG:colcon.colcon_parallel_executor.executor.parallel:closing loop
[54.834s] DEBUG:colcon.colcon_parallel_executor.executor.parallel:loop closed
[54.834s] DEBUG:colcon.colcon_parallel_executor.executor.parallel:run_until_complete finished with '0'
[54.835s] DEBUG:colcon.colcon_core.event_reactor:joining thread
[54.836s] DEBUG:colcon.colcon_core.event_reactor:joined thread
[54.837s] INFO:colcon.colcon_core.shell:Creating prefix script '/home/admin/workspace/host_udp_ws/install/local_setup.ps1'
[54.841s] INFO:colcon.colcon_core.shell:Creating prefix util module '/home/admin/workspace/host_udp_ws/install/_local_setup_util_ps1.py'
[54.844s] INFO:colcon.colcon_core.shell:Creating prefix chain script '/home/admin/workspace/host_udp_ws/install/setup.ps1'
[54.845s] INFO:colcon.colcon_core.shell:Creating prefix script '/home/admin/workspace/host_udp_ws/install/local_setup.sh'
[54.886s] INFO:colcon.colcon_core.shell:Creating prefix util module '/home/admin/workspace/host_udp_ws/install/_local_setup_util_sh.py'
[54.887s] INFO:colcon.colcon_core.shell:Creating prefix chain script '/home/admin/workspace/host_udp_ws/install/setup.sh'
[54.889s] INFO:colcon.colcon_core.shell:Creating prefix script '/home/admin/workspace/host_udp_ws/install/local_setup.bash'
[54.889s] INFO:colcon.colcon_core.shell:Creating prefix chain script '/home/admin/workspace/host_udp_ws/install/setup.bash'
[54.890s] INFO:colcon.colcon_core.shell:Creating prefix script '/home/admin/workspace/host_udp_ws/install/local_setup.zsh'
[54.891s] INFO:colcon.colcon_core.shell:Creating prefix chain script '/home/admin/workspace/host_udp_ws/install/setup.zsh'
