[0.026s] Invoking command in '/home/admin/workspace/host_udp_ws/build/dog_udp_comm': CMAKE_PREFIX_PATH=/home/admin/workspace/host_udp_ws/install/cspc_lidar:/home/admin/workspace/host_udp_ws/install/dog_udp_comm:/opt/ros/humble /usr/bin/cmake /home/admin/workspace/host_udp_ws/src/dog_udp_comm -DCMAKE_INSTALL_PREFIX=/home/admin/workspace/host_udp_ws/install/dog_udp_comm
[0.192s] -- The C compiler identification is GNU 11.4.0
[0.315s] -- The CXX compiler identification is GNU 11.4.0
[0.340s] -- Detecting C compiler ABI info
[0.571s] -- Detecting C compiler ABI info - done
[0.609s] -- Check for working C compiler: /usr/bin/cc - skipped
[0.610s] -- Detecting C compile features
[0.612s] -- Detecting C compile features - done
[0.621s] -- Detecting CXX compiler ABI info
[0.871s] -- Detecting CXX compiler ABI info - done
[0.918s] -- Check for working CXX compiler: /usr/bin/c++ - skipped
[0.919s] -- Detecting CXX compile features
[0.921s] -- Detecting CXX compile features - done
[0.929s] -- Found ament_cmake: 1.3.14 (/opt/ros/humble/share/ament_cmake/cmake)
[1.292s] -- Found Python3: /usr/bin/python3 (found version "3.10.12") found components: Interpreter 
[1.499s] -- Found rclcpp: 16.0.19 (/opt/ros/humble/share/rclcpp/cmake)
[1.555s] -- Found rosidl_generator_c: 3.1.8 (/opt/ros/humble/share/rosidl_generator_c/cmake)
[1.561s] -- Found rosidl_adapter: 3.1.8 (/opt/ros/humble/share/rosidl_adapter/cmake)
[1.572s] -- Found rosidl_generator_cpp: 3.1.8 (/opt/ros/humble/share/rosidl_generator_cpp/cmake)
[1.589s] -- Using all available rosidl_typesupport_c: rosidl_typesupport_fastrtps_c;rosidl_typesupport_introspection_c
[1.610s] -- Using all available rosidl_typesupport_cpp: rosidl_typesupport_fastrtps_cpp;rosidl_typesupport_introspection_cpp
[1.672s] -- Found rmw_implementation_cmake: 6.1.2 (/opt/ros/humble/share/rmw_implementation_cmake/cmake)
[1.675s] -- Found rmw_fastrtps_cpp: 6.2.10 (/opt/ros/humble/share/rmw_fastrtps_cpp/cmake)
[1.896s] -- Found OpenSSL: /usr/lib/aarch64-linux-gnu/libcrypto.so (found version "3.0.2")  
[1.954s] -- Found FastRTPS: /opt/ros/humble/include  
[2.026s] -- Using RMW implementation 'rmw_fastrtps_cpp' as default
[2.038s] -- Looking for pthread.h
[2.266s] -- Looking for pthread.h - found
[2.267s] -- Performing Test CMAKE_HAVE_LIBC_PTHREAD
[2.505s] -- Performing Test CMAKE_HAVE_LIBC_PTHREAD - Success
[2.507s] -- Found Threads: TRUE  
[2.590s] -- Found rclpy: 3.3.21 (/opt/ros/humble/share/rclpy/cmake)
[2.592s] -- Found geometry_msgs: 4.9.1 (/opt/ros/humble/share/geometry_msgs/cmake)
[2.613s] -- Found sensor_msgs: 4.9.1 (/opt/ros/humble/share/sensor_msgs/cmake)
[2.639s] -- Found std_srvs: 4.9.1 (/opt/ros/humble/share/std_srvs/cmake)
[2.773s] -- Configuring done
[2.793s] -- Generating done
[2.799s] -- Build files have been written to: /home/admin/workspace/host_udp_ws/build/dog_udp_comm
[2.820s] Invoked command in '/home/admin/workspace/host_udp_ws/build/dog_udp_comm' returned '0': CMAKE_PREFIX_PATH=/home/admin/workspace/host_udp_ws/install/cspc_lidar:/home/admin/workspace/host_udp_ws/install/dog_udp_comm:/opt/ros/humble /usr/bin/cmake /home/admin/workspace/host_udp_ws/src/dog_udp_comm -DCMAKE_INSTALL_PREFIX=/home/admin/workspace/host_udp_ws/install/dog_udp_comm
[2.824s] Invoking command in '/home/admin/workspace/host_udp_ws/build/dog_udp_comm': CMAKE_PREFIX_PATH=/home/admin/workspace/host_udp_ws/install/cspc_lidar:/home/admin/workspace/host_udp_ws/install/dog_udp_comm:/opt/ros/humble /usr/bin/cmake --build /home/admin/workspace/host_udp_ws/build/dog_udp_comm -- -j8 -l8
[2.994s] [ 50%] [32mBuilding CXX object CMakeFiles/sender_node.dir/src/sender_node.cpp.o[0m
[17.587s] [100%] [32m[1mLinking CXX executable sender_node[0m
[18.528s] [100%] Built target sender_node
[18.566s] Invoked command in '/home/admin/workspace/host_udp_ws/build/dog_udp_comm' returned '0': CMAKE_PREFIX_PATH=/home/admin/workspace/host_udp_ws/install/cspc_lidar:/home/admin/workspace/host_udp_ws/install/dog_udp_comm:/opt/ros/humble /usr/bin/cmake --build /home/admin/workspace/host_udp_ws/build/dog_udp_comm -- -j8 -l8
[18.571s] Invoking command in '/home/admin/workspace/host_udp_ws/build/dog_udp_comm': CMAKE_PREFIX_PATH=/home/admin/workspace/host_udp_ws/install/cspc_lidar:/home/admin/workspace/host_udp_ws/install/dog_udp_comm:/opt/ros/humble /usr/bin/cmake --install /home/admin/workspace/host_udp_ws/build/dog_udp_comm
[18.602s] -- Install configuration: ""
[18.602s] -- Installing: /home/admin/workspace/host_udp_ws/install/dog_udp_comm/lib/dog_udp_comm/sender_node
[18.607s] -- Set runtime path of "/home/admin/workspace/host_udp_ws/install/dog_udp_comm/lib/dog_udp_comm/sender_node" to ""
[18.607s] -- Installing: /home/admin/workspace/host_udp_ws/install/dog_udp_comm/lib/dog_udp_comm/keyboard_teleop.py
[18.608s] -- Installing: /home/admin/workspace/host_udp_ws/install/dog_udp_comm/lib/dog_udp_comm/host_mpc_controller.py
[18.608s] -- Installing: /home/admin/workspace/host_udp_ws/install/dog_udp_comm/lib/dog_udp_comm/pixel_to_scan_polar.py
[18.609s] -- Installing: /home/admin/workspace/host_udp_ws/install/dog_udp_comm/lib/dog_udp_comm/tracking_string_bridge.py
[18.609s] -- Installing: /home/admin/workspace/host_udp_ws/install/dog_udp_comm/lib/dog_udp_comm/tracking_center_tester.py
[18.610s] -- Installing: /home/admin/workspace/host_udp_ws/install/dog_udp_comm/lib/dog_udp_comm/analyze_tracking_cmd_bag.py
[18.610s] -- Installing: /home/admin/workspace/host_udp_ws/install/dog_udp_comm/share/dog_udp_comm/launch
[18.611s] -- Installing: /home/admin/workspace/host_udp_ws/install/dog_udp_comm/share/dog_udp_comm/launch/__pycache__
[18.611s] -- Installing: /home/admin/workspace/host_udp_ws/install/dog_udp_comm/share/dog_udp_comm/launch/__pycache__/sender_launch.cpython-313.pyc
[18.611s] -- Installing: /home/admin/workspace/host_udp_ws/install/dog_udp_comm/share/dog_udp_comm/launch/__pycache__/person_follow_udp_launch.cpython-313.pyc
[18.612s] -- Installing: /home/admin/workspace/host_udp_ws/install/dog_udp_comm/share/dog_udp_comm/launch/person_follow_udp_launch.py
[18.612s] -- Installing: /home/admin/workspace/host_udp_ws/install/dog_udp_comm/share/dog_udp_comm/launch/sender_launch.py
[18.613s] -- Installing: /home/admin/workspace/host_udp_ws/install/dog_udp_comm/share/dog_udp_comm/params
[18.613s] -- Installing: /home/admin/workspace/host_udp_ws/install/dog_udp_comm/share/dog_udp_comm/params/person_follow_params.yaml
[18.615s] -- Installing: /home/admin/workspace/host_udp_ws/install/dog_udp_comm/share/ament_index/resource_index/package_run_dependencies/dog_udp_comm
[18.617s] -- Installing: /home/admin/workspace/host_udp_ws/install/dog_udp_comm/share/ament_index/resource_index/parent_prefix_path/dog_udp_comm
[18.618s] -- Installing: /home/admin/workspace/host_udp_ws/install/dog_udp_comm/share/dog_udp_comm/environment/ament_prefix_path.sh
[18.621s] -- Installing: /home/admin/workspace/host_udp_ws/install/dog_udp_comm/share/dog_udp_comm/environment/ament_prefix_path.dsv
[18.622s] -- Installing: /home/admin/workspace/host_udp_ws/install/dog_udp_comm/share/dog_udp_comm/environment/path.sh
[18.623s] -- Installing: /home/admin/workspace/host_udp_ws/install/dog_udp_comm/share/dog_udp_comm/environment/path.dsv
[18.626s] -- Installing: /home/admin/workspace/host_udp_ws/install/dog_udp_comm/share/dog_udp_comm/local_setup.bash
[18.626s] -- Installing: /home/admin/workspace/host_udp_ws/install/dog_udp_comm/share/dog_udp_comm/local_setup.sh
[18.627s] -- Installing: /home/admin/workspace/host_udp_ws/install/dog_udp_comm/share/dog_udp_comm/local_setup.zsh
[18.628s] -- Installing: /home/admin/workspace/host_udp_ws/install/dog_udp_comm/share/dog_udp_comm/local_setup.dsv
[18.629s] -- Installing: /home/admin/workspace/host_udp_ws/install/dog_udp_comm/share/dog_udp_comm/package.dsv
[18.630s] -- Installing: /home/admin/workspace/host_udp_ws/install/dog_udp_comm/share/ament_index/resource_index/packages/dog_udp_comm
[18.630s] -- Installing: /home/admin/workspace/host_udp_ws/install/dog_udp_comm/share/dog_udp_comm/cmake/dog_udp_commConfig.cmake
[18.631s] -- Installing: /home/admin/workspace/host_udp_ws/install/dog_udp_comm/share/dog_udp_comm/cmake/dog_udp_commConfig-version.cmake
[18.631s] -- Installing: /home/admin/workspace/host_udp_ws/install/dog_udp_comm/share/dog_udp_comm/package.xml
[18.632s] Invoked command in '/home/admin/workspace/host_udp_ws/build/dog_udp_comm' returned '0': CMAKE_PREFIX_PATH=/home/admin/workspace/host_udp_ws/install/cspc_lidar:/home/admin/workspace/host_udp_ws/install/dog_udp_comm:/opt/ros/humble /usr/bin/cmake --install /home/admin/workspace/host_udp_ws/build/dog_udp_comm
