[0.020s] Invoking command in '/home/admin/workspace/host_udp_ws/build/dog_udp_comm': AMENT_PREFIX_PATH=/home/admin/workspace/host_udp_ws/install/cspc_lidar:${AMENT_PREFIX_PATH} CMAKE_PREFIX_PATH=/home/admin/workspace/host_udp_ws/install/cspc_lidar:/opt/ros/humble /usr/bin/cmake --build /home/admin/workspace/host_udp_ws/build/dog_udp_comm -- -j8 -l8
[0.078s] -- Found ament_cmake: 1.3.14 (/opt/ros/humble/share/ament_cmake/cmake)
[0.331s] -- Found rclcpp: 16.0.19 (/opt/ros/humble/share/rclcpp/cmake)
[0.444s] -- Found rosidl_generator_c: 3.1.8 (/opt/ros/humble/share/rosidl_generator_c/cmake)
[0.450s] -- Found rosidl_adapter: 3.1.8 (/opt/ros/humble/share/rosidl_adapter/cmake)
[0.464s] -- Found rosidl_generator_cpp: 3.1.8 (/opt/ros/humble/share/rosidl_generator_cpp/cmake)
[0.489s] -- Using all available rosidl_typesupport_c: rosidl_typesupport_fastrtps_c;rosidl_typesupport_introspection_c
[0.517s] -- Using all available rosidl_typesupport_cpp: rosidl_typesupport_fastrtps_cpp;rosidl_typesupport_introspection_cpp
[0.601s] -- Found rmw_implementation_cmake: 6.1.2 (/opt/ros/humble/share/rmw_implementation_cmake/cmake)
[0.605s] -- Found rmw_fastrtps_cpp: 6.2.10 (/opt/ros/humble/share/rmw_fastrtps_cpp/cmake)
[0.804s] -- Using RMW implementation 'rmw_fastrtps_cpp' as default
[0.916s] -- Found rclpy: 3.3.21 (/opt/ros/humble/share/rclpy/cmake)
[0.917s] -- Found geometry_msgs: 4.9.1 (/opt/ros/humble/share/geometry_msgs/cmake)
[0.943s] -- Found sensor_msgs: 4.9.1 (/opt/ros/humble/share/sensor_msgs/cmake)
[0.976s] -- Found std_srvs: 4.9.1 (/opt/ros/humble/share/std_srvs/cmake)
[1.163s] -- Configuring done
[1.183s] -- Generating done
[1.192s] -- Build files have been written to: /home/admin/workspace/host_udp_ws/build/dog_udp_comm
[1.267s] [35m[1mConsolidate compiler generated dependencies of target sender_node[0m
[1.321s] [100%] Built target sender_node
[1.356s] Invoked command in '/home/admin/workspace/host_udp_ws/build/dog_udp_comm' returned '0': AMENT_PREFIX_PATH=/home/admin/workspace/host_udp_ws/install/cspc_lidar:${AMENT_PREFIX_PATH} CMAKE_PREFIX_PATH=/home/admin/workspace/host_udp_ws/install/cspc_lidar:/opt/ros/humble /usr/bin/cmake --build /home/admin/workspace/host_udp_ws/build/dog_udp_comm -- -j8 -l8
[1.361s] Invoking command in '/home/admin/workspace/host_udp_ws/build/dog_udp_comm': AMENT_PREFIX_PATH=/home/admin/workspace/host_udp_ws/install/cspc_lidar:${AMENT_PREFIX_PATH} CMAKE_PREFIX_PATH=/home/admin/workspace/host_udp_ws/install/cspc_lidar:/opt/ros/humble /usr/bin/cmake --install /home/admin/workspace/host_udp_ws/build/dog_udp_comm
[1.385s] -- Install configuration: ""
[1.385s] -- Up-to-date: /home/admin/workspace/host_udp_ws/install/dog_udp_comm/lib/dog_udp_comm/sender_node
[1.386s] -- Up-to-date: /home/admin/workspace/host_udp_ws/install/dog_udp_comm/lib/dog_udp_comm/keyboard_teleop.py
[1.387s] -- Installing: /home/admin/workspace/host_udp_ws/install/dog_udp_comm/lib/dog_udp_comm/person_follow_utils.py
[1.393s] -- Up-to-date: /home/admin/workspace/host_udp_ws/install/dog_udp_comm/lib/dog_udp_comm/host_mpc_controller.py
[1.394s] -- Installing: /home/admin/workspace/host_udp_ws/install/dog_udp_comm/lib/dog_udp_comm/pixel_to_scan_polar.py
[1.394s] -- Up-to-date: /home/admin/workspace/host_udp_ws/install/dog_udp_comm/lib/dog_udp_comm/tracking_string_bridge.py
[1.395s] -- Up-to-date: /home/admin/workspace/host_udp_ws/install/dog_udp_comm/lib/dog_udp_comm/tracking_center_tester.py
[1.398s] -- Up-to-date: /home/admin/workspace/host_udp_ws/install/dog_udp_comm/lib/dog_udp_comm/analyze_tracking_cmd_bag.py
[1.399s] -- Up-to-date: /home/admin/workspace/host_udp_ws/install/dog_udp_comm/lib/dog_udp_comm/latency_monitor.py
[1.400s] -- Up-to-date: /home/admin/workspace/host_udp_ws/install/dog_udp_comm/share/dog_udp_comm/launch
[1.401s] -- Up-to-date: /home/admin/workspace/host_udp_ws/install/dog_udp_comm/share/dog_udp_comm/launch/__pycache__
[1.401s] -- Up-to-date: /home/admin/workspace/host_udp_ws/install/dog_udp_comm/share/dog_udp_comm/launch/__pycache__/sender_launch.cpython-313.pyc
[1.402s] -- Up-to-date: /home/admin/workspace/host_udp_ws/install/dog_udp_comm/share/dog_udp_comm/launch/__pycache__/person_follow_udp_launch.cpython-313.pyc
[1.402s] -- Up-to-date: /home/admin/workspace/host_udp_ws/install/dog_udp_comm/share/dog_udp_comm/launch/person_follow_udp_launch.py
[1.404s] -- Up-to-date: /home/admin/workspace/host_udp_ws/install/dog_udp_comm/share/dog_udp_comm/launch/sender_launch.py
[1.405s] -- Up-to-date: /home/admin/workspace/host_udp_ws/install/dog_udp_comm/share/dog_udp_comm/params
[1.406s] -- Installing: /home/admin/workspace/host_udp_ws/install/dog_udp_comm/share/dog_udp_comm/params/person_follow_params.yaml
[1.408s] -- Up-to-date: /home/admin/workspace/host_udp_ws/install/dog_udp_comm/share/ament_index/resource_index/package_run_dependencies/dog_udp_comm
[1.409s] -- Up-to-date: /home/admin/workspace/host_udp_ws/install/dog_udp_comm/share/ament_index/resource_index/parent_prefix_path/dog_udp_comm
[1.410s] -- Up-to-date: /home/admin/workspace/host_udp_ws/install/dog_udp_comm/share/dog_udp_comm/environment/ament_prefix_path.sh
[1.413s] -- Installing: /home/admin/workspace/host_udp_ws/install/dog_udp_comm/share/dog_udp_comm/environment/ament_prefix_path.dsv
[1.414s] -- Up-to-date: /home/admin/workspace/host_udp_ws/install/dog_udp_comm/share/dog_udp_comm/environment/path.sh
[1.415s] -- Installing: /home/admin/workspace/host_udp_ws/install/dog_udp_comm/share/dog_udp_comm/environment/path.dsv
[1.416s] -- Up-to-date: /home/admin/workspace/host_udp_ws/install/dog_udp_comm/share/dog_udp_comm/local_setup.bash
[1.417s] -- Up-to-date: /home/admin/workspace/host_udp_ws/install/dog_udp_comm/share/dog_udp_comm/local_setup.sh
[1.418s] -- Up-to-date: /home/admin/workspace/host_udp_ws/install/dog_udp_comm/share/dog_udp_comm/local_setup.zsh
[1.420s] -- Installing: /home/admin/workspace/host_udp_ws/install/dog_udp_comm/share/dog_udp_comm/local_setup.dsv
[1.421s] -- Installing: /home/admin/workspace/host_udp_ws/install/dog_udp_comm/share/dog_udp_comm/package.dsv
[1.422s] -- Up-to-date: /home/admin/workspace/host_udp_ws/install/dog_udp_comm/share/ament_index/resource_index/packages/dog_udp_comm
[1.423s] -- Up-to-date: /home/admin/workspace/host_udp_ws/install/dog_udp_comm/share/dog_udp_comm/cmake/dog_udp_commConfig.cmake
[1.425s] -- Up-to-date: /home/admin/workspace/host_udp_ws/install/dog_udp_comm/share/dog_udp_comm/cmake/dog_udp_commConfig-version.cmake
[1.427s] -- Up-to-date: /home/admin/workspace/host_udp_ws/install/dog_udp_comm/share/dog_udp_comm/package.xml
[1.428s] Invoked command in '/home/admin/workspace/host_udp_ws/build/dog_udp_comm' returned '0': AMENT_PREFIX_PATH=/home/admin/workspace/host_udp_ws/install/cspc_lidar:${AMENT_PREFIX_PATH} CMAKE_PREFIX_PATH=/home/admin/workspace/host_udp_ws/install/cspc_lidar:/opt/ros/humble /usr/bin/cmake --install /home/admin/workspace/host_udp_ws/build/dog_udp_comm
