[0.014s] Invoking command in '/home/admin/workspace/host_udp_ws/build/dog_udp_comm': AMENT_PREFIX_PATH=/home/admin/workspace/host_udp_ws/install/cspc_lidar:${AMENT_PREFIX_PATH} CMAKE_PREFIX_PATH=/home/admin/workspace/host_udp_ws/install/cspc_lidar:/opt/ros/humble /usr/bin/cmake /home/admin/workspace/host_udp_ws/src/dog_udp_comm -DCMAKE_INSTALL_PREFIX=/home/admin/workspace/host_udp_ws/install/dog_udp_comm
[0.206s] -- The C compiler identification is GNU 11.4.0
[0.372s] -- The CXX compiler identification is GNU 11.4.0
[0.389s] -- Detecting C compiler ABI info
[0.650s] -- Detecting C compiler ABI info - done
[0.686s] -- Check for working C compiler: /usr/bin/cc - skipped
[0.687s] -- Detecting C compile features
[0.689s] -- Detecting C compile features - done
[0.701s] -- Detecting CXX compiler ABI info
[0.975s] -- Detecting CXX compiler ABI info - done
[1.017s] -- Check for working CXX compiler: /usr/bin/c++ - skipped
[1.018s] -- Detecting CXX compile features
[1.020s] -- Detecting CXX compile features - done
[1.028s] -- Found ament_cmake: 1.3.14 (/opt/ros/humble/share/ament_cmake/cmake)
[1.466s] -- Found Python3: /usr/bin/python3 (found version "3.10.12") found components: Interpreter 
[1.679s] -- Found rclcpp: 16.0.19 (/opt/ros/humble/share/rclcpp/cmake)
[1.737s] -- Found rosidl_generator_c: 3.1.8 (/opt/ros/humble/share/rosidl_generator_c/cmake)
[1.743s] -- Found rosidl_adapter: 3.1.8 (/opt/ros/humble/share/rosidl_adapter/cmake)
[1.754s] -- Found rosidl_generator_cpp: 3.1.8 (/opt/ros/humble/share/rosidl_generator_cpp/cmake)
[1.770s] -- Using all available rosidl_typesupport_c: rosidl_typesupport_fastrtps_c;rosidl_typesupport_introspection_c
[1.792s] -- Using all available rosidl_typesupport_cpp: rosidl_typesupport_fastrtps_cpp;rosidl_typesupport_introspection_cpp
[1.850s] -- Found rmw_implementation_cmake: 6.1.2 (/opt/ros/humble/share/rmw_implementation_cmake/cmake)
[1.853s] -- Found rmw_fastrtps_cpp: 6.2.10 (/opt/ros/humble/share/rmw_fastrtps_cpp/cmake)
[2.040s] -- Found OpenSSL: /usr/lib/aarch64-linux-gnu/libcrypto.so (found version "3.0.2")  
[2.107s] -- Found FastRTPS: /opt/ros/humble/include  
[2.192s] -- Using RMW implementation 'rmw_fastrtps_cpp' as default
[2.204s] -- Looking for pthread.h
[2.459s] -- Looking for pthread.h - found
[2.462s] -- Performing Test CMAKE_HAVE_LIBC_PTHREAD
[2.724s] -- Performing Test CMAKE_HAVE_LIBC_PTHREAD - Success
[2.728s] -- Found Threads: TRUE  
[2.848s] -- Found rclpy: 3.3.21 (/opt/ros/humble/share/rclpy/cmake)
[2.849s] -- Found geometry_msgs: 4.9.1 (/opt/ros/humble/share/geometry_msgs/cmake)
[2.873s] -- Found sensor_msgs: 4.9.1 (/opt/ros/humble/share/sensor_msgs/cmake)
[2.901s] -- Found std_srvs: 4.9.1 (/opt/ros/humble/share/std_srvs/cmake)
[3.099s] -- Configuring done
[3.120s] -- Generating done
[3.126s] -- Build files have been written to: /home/admin/workspace/host_udp_ws/build/dog_udp_comm
[3.154s] Invoked command in '/home/admin/workspace/host_udp_ws/build/dog_udp_comm' returned '0': AMENT_PREFIX_PATH=/home/admin/workspace/host_udp_ws/install/cspc_lidar:${AMENT_PREFIX_PATH} CMAKE_PREFIX_PATH=/home/admin/workspace/host_udp_ws/install/cspc_lidar:/opt/ros/humble /usr/bin/cmake /home/admin/workspace/host_udp_ws/src/dog_udp_comm -DCMAKE_INSTALL_PREFIX=/home/admin/workspace/host_udp_ws/install/dog_udp_comm
[3.160s] Invoking command in '/home/admin/workspace/host_udp_ws/build/dog_udp_comm': AMENT_PREFIX_PATH=/home/admin/workspace/host_udp_ws/install/cspc_lidar:${AMENT_PREFIX_PATH} CMAKE_PREFIX_PATH=/home/admin/workspace/host_udp_ws/install/cspc_lidar:/opt/ros/humble /usr/bin/cmake --build /home/admin/workspace/host_udp_ws/build/dog_udp_comm -- -j8 -l8
[3.358s] [ 50%] [32mBuilding CXX object CMakeFiles/sender_node.dir/src/sender_node.cpp.o[0m
[18.737s] [100%] [32m[1mLinking CXX executable sender_node[0m
[19.978s] [100%] Built target sender_node
[20.021s] Invoked command in '/home/admin/workspace/host_udp_ws/build/dog_udp_comm' returned '0': AMENT_PREFIX_PATH=/home/admin/workspace/host_udp_ws/install/cspc_lidar:${AMENT_PREFIX_PATH} CMAKE_PREFIX_PATH=/home/admin/workspace/host_udp_ws/install/cspc_lidar:/opt/ros/humble /usr/bin/cmake --build /home/admin/workspace/host_udp_ws/build/dog_udp_comm -- -j8 -l8
[20.027s] Invoking command in '/home/admin/workspace/host_udp_ws/build/dog_udp_comm': AMENT_PREFIX_PATH=/home/admin/workspace/host_udp_ws/install/cspc_lidar:${AMENT_PREFIX_PATH} CMAKE_PREFIX_PATH=/home/admin/workspace/host_udp_ws/install/cspc_lidar:/opt/ros/humble /usr/bin/cmake --install /home/admin/workspace/host_udp_ws/build/dog_udp_comm
[20.057s] -- Install configuration: ""
[20.060s] -- Installing: /home/admin/workspace/host_udp_ws/install/dog_udp_comm/lib/dog_udp_comm/sender_node
[20.074s] -- Set runtime path of "/home/admin/workspace/host_udp_ws/install/dog_udp_comm/lib/dog_udp_comm/sender_node" to ""
[20.075s] -- Installing: /home/admin/workspace/host_udp_ws/install/dog_udp_comm/lib/dog_udp_comm/keyboard_teleop.py
[20.075s] -- Installing: /home/admin/workspace/host_udp_ws/install/dog_udp_comm/lib/dog_udp_comm/host_mpc_controller.py
[20.075s] -- Installing: /home/admin/workspace/host_udp_ws/install/dog_udp_comm/lib/dog_udp_comm/pixel_to_scan_polar.py
[20.075s] -- Installing: /home/admin/workspace/host_udp_ws/install/dog_udp_comm/lib/dog_udp_comm/tracking_string_bridge.py
[20.075s] -- Installing: /home/admin/workspace/host_udp_ws/install/dog_udp_comm/lib/dog_udp_comm/tracking_center_tester.py
[20.075s] -- Installing: /home/admin/workspace/host_udp_ws/install/dog_udp_comm/lib/dog_udp_comm/analyze_tracking_cmd_bag.py
[20.075s] -- Installing: /home/admin/workspace/host_udp_ws/install/dog_udp_comm/share/dog_udp_comm/launch
[20.076s] -- Installing: /home/admin/workspace/host_udp_ws/install/dog_udp_comm/share/dog_udp_comm/launch/__pycache__
[20.076s] -- Installing: /home/admin/workspace/host_udp_ws/install/dog_udp_comm/share/dog_udp_comm/launch/__pycache__/sender_launch.cpython-313.pyc
[20.076s] -- Installing: /home/admin/workspace/host_udp_ws/install/dog_udp_comm/share/dog_udp_comm/launch/__pycache__/person_follow_udp_launch.cpython-313.pyc
[20.076s] -- Installing: /home/admin/workspace/host_udp_ws/install/dog_udp_comm/share/dog_udp_comm/launch/person_follow_udp_launch.py
[20.076s] -- Installing: /home/admin/workspace/host_udp_ws/install/dog_udp_comm/share/dog_udp_comm/launch/sender_launch.py
[20.076s] -- Installing: /home/admin/workspace/host_udp_ws/install/dog_udp_comm/share/dog_udp_comm/params
[20.076s] -- Installing: /home/admin/workspace/host_udp_ws/install/dog_udp_comm/share/dog_udp_comm/params/person_follow_params.yaml
[20.076s] -- Installing: /home/admin/workspace/host_udp_ws/install/dog_udp_comm/share/ament_index/resource_index/package_run_dependencies/dog_udp_comm
[20.077s] -- Installing: /home/admin/workspace/host_udp_ws/install/dog_udp_comm/share/ament_index/resource_index/parent_prefix_path/dog_udp_comm
[20.077s] -- Installing: /home/admin/workspace/host_udp_ws/install/dog_udp_comm/share/dog_udp_comm/environment/ament_prefix_path.sh
[20.077s] -- Installing: /home/admin/workspace/host_udp_ws/install/dog_udp_comm/share/dog_udp_comm/environment/ament_prefix_path.dsv
[20.077s] -- Installing: /home/admin/workspace/host_udp_ws/install/dog_udp_comm/share/dog_udp_comm/environment/path.sh
[20.077s] -- Installing: /home/admin/workspace/host_udp_ws/install/dog_udp_comm/share/dog_udp_comm/environment/path.dsv
[20.078s] -- Installing: /home/admin/workspace/host_udp_ws/install/dog_udp_comm/share/dog_udp_comm/local_setup.bash
[20.078s] -- Installing: /home/admin/workspace/host_udp_ws/install/dog_udp_comm/share/dog_udp_comm/local_setup.sh
[20.078s] -- Installing: /home/admin/workspace/host_udp_ws/install/dog_udp_comm/share/dog_udp_comm/local_setup.zsh
[20.078s] -- Installing: /home/admin/workspace/host_udp_ws/install/dog_udp_comm/share/dog_udp_comm/local_setup.dsv
[20.078s] -- Installing: /home/admin/workspace/host_udp_ws/install/dog_udp_comm/share/dog_udp_comm/package.dsv
[20.079s] -- Installing: /home/admin/workspace/host_udp_ws/install/dog_udp_comm/share/ament_index/resource_index/packages/dog_udp_comm
[20.079s] -- Installing: /home/admin/workspace/host_udp_ws/install/dog_udp_comm/share/dog_udp_comm/cmake/dog_udp_commConfig.cmake
[20.079s] -- Installing: /home/admin/workspace/host_udp_ws/install/dog_udp_comm/share/dog_udp_comm/cmake/dog_udp_commConfig-version.cmake
[20.079s] -- Installing: /home/admin/workspace/host_udp_ws/install/dog_udp_comm/share/dog_udp_comm/package.xml
[20.088s] Invoked command in '/home/admin/workspace/host_udp_ws/build/dog_udp_comm' returned '0': AMENT_PREFIX_PATH=/home/admin/workspace/host_udp_ws/install/cspc_lidar:${AMENT_PREFIX_PATH} CMAKE_PREFIX_PATH=/home/admin/workspace/host_udp_ws/install/cspc_lidar:/opt/ros/humble /usr/bin/cmake --install /home/admin/workspace/host_udp_ws/build/dog_udp_comm
