[0.163s] DEBUG:colcon:Command line arguments: ['/usr/bin/colcon', 'build']
[0.164s] DEBUG:colcon:Parsed command line arguments: Namespace(log_base=None, log_level=None, verb_name='build', build_base='build', install_base='install', merge_install=False, symlink_install=False, test_result_base=None, continue_on_error=False, executor='parallel', parallel_workers=8, event_handlers=None, ignore_user_meta=False, metas=['./colcon.meta'], base_paths=['.'], packages_ignore=None, packages_ignore_regex=None, paths=None, packages_up_to=None, packages_up_to_regex=None, packages_above=None, packages_above_and_dependencies=None, packages_above_depth=None, packages_select_by_dep=None, packages_skip_by_dep=None, packages_skip_up_to=None, packages_select_build_failed=False, packages_skip_build_finished=False, packages_select_test_failures=False, packages_skip_test_passed=False, packages_select=None, packages_skip=None, packages_select_regex=None, packages_skip_regex=None, packages_start=None, packages_end=None, cmake_args=None, cmake_target=None, cmake_target_skip_unavailable=False, cmake_clean_cache=False, cmake_clean_first=False, cmake_force_configure=False, ament_cmake_args=None, catkin_cmake_args=None, catkin_skip_building_tests=False, verb_parser=<colcon_defaults.argument_parser.defaults.DefaultArgumentsDecorator object at 0x7f9d1aabf0>, verb_extension=<colcon_core.verb.build.BuildVerb object at 0x7f9d1aa6e0>, main=<bound method BuildVerb.main of <colcon_core.verb.build.BuildVerb object at 0x7f9d1aa6e0>>)
[0.387s] Level 1:colcon.colcon_core.package_discovery:discover_packages(colcon_meta) check parameters
[0.388s] Level 1:colcon.colcon_core.package_discovery:discover_packages(recursive) check parameters
[0.388s] Level 1:colcon.colcon_core.package_discovery:discover_packages(ignore) check parameters
[0.388s] Level 1:colcon.colcon_core.package_discovery:discover_packages(path) check parameters
[0.388s] Level 1:colcon.colcon_core.package_discovery:discover_packages(colcon_meta) discover
[0.388s] Level 1:colcon.colcon_core.package_discovery:discover_packages(recursive) discover
[0.388s] INFO:colcon.colcon_core.package_discovery:Crawling recursively for packages in '/home/admin/workspace/host_udp_ws'
[0.388s] Level 1:colcon.colcon_core.package_identification:_identify(.) by extensions ['ignore', 'ignore_ament_install']
[0.388s] Level 1:colcon.colcon_core.package_identification:_identify(.) by extension 'ignore'
[0.388s] Level 1:colcon.colcon_core.package_identification:_identify(.) by extension 'ignore_ament_install'
[0.389s] Level 1:colcon.colcon_core.package_identification:_identify(.) by extensions ['colcon_pkg']
[0.389s] Level 1:colcon.colcon_core.package_identification:_identify(.) by extension 'colcon_pkg'
[0.389s] Level 1:colcon.colcon_core.package_identification:_identify(.) by extensions ['colcon_meta']
[0.389s] Level 1:colcon.colcon_core.package_identification:_identify(.) by extension 'colcon_meta'
[0.389s] Level 1:colcon.colcon_core.package_identification:_identify(.) by extensions ['ros']
[0.389s] Level 1:colcon.colcon_core.package_identification:_identify(.) by extension 'ros'
[0.409s] Level 1:colcon.colcon_core.package_identification:_identify(.) by extensions ['cmake', 'python']
[0.409s] Level 1:colcon.colcon_core.package_identification:_identify(.) by extension 'cmake'
[0.409s] Level 1:colcon.colcon_core.package_identification:_identify(.) by extension 'python'
[0.409s] Level 1:colcon.colcon_core.package_identification:_identify(.) by extensions ['python_setup_py']
[0.409s] Level 1:colcon.colcon_core.package_identification:_identify(.) by extension 'python_setup_py'
[0.409s] Level 1:colcon.colcon_core.package_identification:_identify(build) by extensions ['ignore', 'ignore_ament_install']
[0.410s] Level 1:colcon.colcon_core.package_identification:_identify(build) by extension 'ignore'
[0.410s] Level 1:colcon.colcon_core.package_identification:_identify(build) ignored
[0.410s] Level 1:colcon.colcon_core.package_identification:_identify(install) by extensions ['ignore', 'ignore_ament_install']
[0.410s] Level 1:colcon.colcon_core.package_identification:_identify(install) by extension 'ignore'
[0.410s] Level 1:colcon.colcon_core.package_identification:_identify(install) ignored
[0.410s] Level 1:colcon.colcon_core.package_identification:_identify(log) by extensions ['ignore', 'ignore_ament_install']
[0.410s] Level 1:colcon.colcon_core.package_identification:_identify(log) by extension 'ignore'
[0.410s] Level 1:colcon.colcon_core.package_identification:_identify(log) ignored
[0.411s] Level 1:colcon.colcon_core.package_identification:_identify(src) by extensions ['ignore', 'ignore_ament_install']
[0.411s] Level 1:colcon.colcon_core.package_identification:_identify(src) by extension 'ignore'
[0.411s] Level 1:colcon.colcon_core.package_identification:_identify(src) by extension 'ignore_ament_install'
[0.411s] Level 1:colcon.colcon_core.package_identification:_identify(src) by extensions ['colcon_pkg']
[0.411s] Level 1:colcon.colcon_core.package_identification:_identify(src) by extension 'colcon_pkg'
[0.411s] Level 1:colcon.colcon_core.package_identification:_identify(src) by extensions ['colcon_meta']
[0.411s] Level 1:colcon.colcon_core.package_identification:_identify(src) by extension 'colcon_meta'
[0.411s] Level 1:colcon.colcon_core.package_identification:_identify(src) by extensions ['ros']
[0.411s] Level 1:colcon.colcon_core.package_identification:_identify(src) by extension 'ros'
[0.411s] Level 1:colcon.colcon_core.package_identification:_identify(src) by extensions ['cmake', 'python']
[0.411s] Level 1:colcon.colcon_core.package_identification:_identify(src) by extension 'cmake'
[0.411s] Level 1:colcon.colcon_core.package_identification:_identify(src) by extension 'python'
[0.411s] Level 1:colcon.colcon_core.package_identification:_identify(src) by extensions ['python_setup_py']
[0.411s] Level 1:colcon.colcon_core.package_identification:_identify(src) by extension 'python_setup_py'
[0.411s] Level 1:colcon.colcon_core.package_identification:_identify(src/cspc_lidar_sdk_ros2) by extensions ['ignore', 'ignore_ament_install']
[0.411s] Level 1:colcon.colcon_core.package_identification:_identify(src/cspc_lidar_sdk_ros2) by extension 'ignore'
[0.412s] Level 1:colcon.colcon_core.package_identification:_identify(src/cspc_lidar_sdk_ros2) by extension 'ignore_ament_install'
[0.412s] Level 1:colcon.colcon_core.package_identification:_identify(src/cspc_lidar_sdk_ros2) by extensions ['colcon_pkg']
[0.412s] Level 1:colcon.colcon_core.package_identification:_identify(src/cspc_lidar_sdk_ros2) by extension 'colcon_pkg'
[0.412s] Level 1:colcon.colcon_core.package_identification:_identify(src/cspc_lidar_sdk_ros2) by extensions ['colcon_meta']
[0.412s] Level 1:colcon.colcon_core.package_identification:_identify(src/cspc_lidar_sdk_ros2) by extension 'colcon_meta'
[0.412s] Level 1:colcon.colcon_core.package_identification:_identify(src/cspc_lidar_sdk_ros2) by extensions ['ros']
[0.412s] Level 1:colcon.colcon_core.package_identification:_identify(src/cspc_lidar_sdk_ros2) by extension 'ros'
[0.418s] DEBUG:colcon.colcon_core.package_identification:Package 'src/cspc_lidar_sdk_ros2' with type 'ros.ament_cmake' and name 'cspc_lidar'
[0.419s] Level 1:colcon.colcon_core.package_identification:_identify(src/dog_udp_comm) by extensions ['ignore', 'ignore_ament_install']
[0.419s] Level 1:colcon.colcon_core.package_identification:_identify(src/dog_udp_comm) by extension 'ignore'
[0.419s] Level 1:colcon.colcon_core.package_identification:_identify(src/dog_udp_comm) by extension 'ignore_ament_install'
[0.419s] Level 1:colcon.colcon_core.package_identification:_identify(src/dog_udp_comm) by extensions ['colcon_pkg']
[0.419s] Level 1:colcon.colcon_core.package_identification:_identify(src/dog_udp_comm) by extension 'colcon_pkg'
[0.419s] Level 1:colcon.colcon_core.package_identification:_identify(src/dog_udp_comm) by extensions ['colcon_meta']
[0.419s] Level 1:colcon.colcon_core.package_identification:_identify(src/dog_udp_comm) by extension 'colcon_meta'
[0.419s] Level 1:colcon.colcon_core.package_identification:_identify(src/dog_udp_comm) by extensions ['ros']
[0.419s] Level 1:colcon.colcon_core.package_identification:_identify(src/dog_udp_comm) by extension 'ros'
[0.421s] DEBUG:colcon.colcon_core.package_identification:Package 'src/dog_udp_comm' with type 'ros.ament_cmake' and name 'dog_udp_comm'
[0.422s] Level 1:colcon.colcon_core.package_discovery:discover_packages(recursive) using defaults
[0.422s] Level 1:colcon.colcon_core.package_discovery:discover_packages(ignore) discover
[0.422s] Level 1:colcon.colcon_core.package_discovery:discover_packages(ignore) using defaults
[0.422s] Level 1:colcon.colcon_core.package_discovery:discover_packages(path) discover
[0.422s] Level 1:colcon.colcon_core.package_discovery:discover_packages(path) using defaults
[0.454s] Level 5:colcon.colcon_core.verb:set package 'cspc_lidar' build argument 'cmake_args' from command line to 'None'
[0.454s] Level 5:colcon.colcon_core.verb:set package 'cspc_lidar' build argument 'cmake_target' from command line to 'None'
[0.454s] Level 5:colcon.colcon_core.verb:set package 'cspc_lidar' build argument 'cmake_target_skip_unavailable' from command line to 'False'
[0.455s] Level 5:colcon.colcon_core.verb:set package 'cspc_lidar' build argument 'cmake_clean_cache' from command line to 'False'
[0.455s] Level 5:colcon.colcon_core.verb:set package 'cspc_lidar' build argument 'cmake_clean_first' from command line to 'False'
[0.455s] Level 5:colcon.colcon_core.verb:set package 'cspc_lidar' build argument 'cmake_force_configure' from command line to 'False'
[0.455s] Level 5:colcon.colcon_core.verb:set package 'cspc_lidar' build argument 'ament_cmake_args' from command line to 'None'
[0.455s] Level 5:colcon.colcon_core.verb:set package 'cspc_lidar' build argument 'catkin_cmake_args' from command line to 'None'
[0.455s] Level 5:colcon.colcon_core.verb:set package 'cspc_lidar' build argument 'catkin_skip_building_tests' from command line to 'False'
[0.455s] DEBUG:colcon.colcon_core.verb:Building package 'cspc_lidar' with the following arguments: {'ament_cmake_args': None, 'build_base': '/home/admin/workspace/host_udp_ws/build/cspc_lidar', 'catkin_cmake_args': None, 'catkin_skip_building_tests': False, 'cmake_args': None, 'cmake_clean_cache': False, 'cmake_clean_first': False, 'cmake_force_configure': False, 'cmake_target': None, 'cmake_target_skip_unavailable': False, 'install_base': '/home/admin/workspace/host_udp_ws/install/cspc_lidar', 'merge_install': False, 'path': '/home/admin/workspace/host_udp_ws/src/cspc_lidar_sdk_ros2', 'symlink_install': False, 'test_result_base': None}
[0.455s] Level 5:colcon.colcon_core.verb:set package 'dog_udp_comm' build argument 'cmake_args' from command line to 'None'
[0.455s] Level 5:colcon.colcon_core.verb:set package 'dog_udp_comm' build argument 'cmake_target' from command line to 'None'
[0.455s] Level 5:colcon.colcon_core.verb:set package 'dog_udp_comm' build argument 'cmake_target_skip_unavailable' from command line to 'False'
[0.455s] Level 5:colcon.colcon_core.verb:set package 'dog_udp_comm' build argument 'cmake_clean_cache' from command line to 'False'
[0.455s] Level 5:colcon.colcon_core.verb:set package 'dog_udp_comm' build argument 'cmake_clean_first' from command line to 'False'
[0.455s] Level 5:colcon.colcon_core.verb:set package 'dog_udp_comm' build argument 'cmake_force_configure' from command line to 'False'
[0.455s] Level 5:colcon.colcon_core.verb:set package 'dog_udp_comm' build argument 'ament_cmake_args' from command line to 'None'
[0.455s] Level 5:colcon.colcon_core.verb:set package 'dog_udp_comm' build argument 'catkin_cmake_args' from command line to 'None'
[0.455s] Level 5:colcon.colcon_core.verb:set package 'dog_udp_comm' build argument 'catkin_skip_building_tests' from command line to 'False'
[0.455s] DEBUG:colcon.colcon_core.verb:Building package 'dog_udp_comm' with the following arguments: {'ament_cmake_args': None, 'build_base': '/home/admin/workspace/host_udp_ws/build/dog_udp_comm', 'catkin_cmake_args': None, 'catkin_skip_building_tests': False, 'cmake_args': None, 'cmake_clean_cache': False, 'cmake_clean_first': False, 'cmake_force_configure': False, 'cmake_target': None, 'cmake_target_skip_unavailable': False, 'install_base': '/home/admin/workspace/host_udp_ws/install/dog_udp_comm', 'merge_install': False, 'path': '/home/admin/workspace/host_udp_ws/src/dog_udp_comm', 'symlink_install': False, 'test_result_base': None}
[0.456s] INFO:colcon.colcon_core.executor:Executing jobs using 'parallel' executor
[0.457s] DEBUG:colcon.colcon_parallel_executor.executor.parallel:run_until_complete
[0.457s] INFO:colcon.colcon_ros.task.ament_cmake.build:Building ROS package in '/home/admin/workspace/host_udp_ws/src/cspc_lidar_sdk_ros2' with build type 'ament_cmake'
[0.457s] INFO:colcon.colcon_cmake.task.cmake.build:Building CMake package in '/home/admin/workspace/host_udp_ws/src/cspc_lidar_sdk_ros2'
[0.461s] INFO:colcon.colcon_core.plugin_system:Skipping extension 'colcon_core.shell.bat': Not used on non-Windows systems
[0.461s] INFO:colcon.colcon_core.shell:Skip shell extension 'powershell' for command environment: Not usable outside of PowerShell
[0.461s] DEBUG:colcon.colcon_core.shell:Skip shell extension 'dsv' for command environment
[0.464s] WARNING:colcon.colcon_ros.prefix_path.catkin:The path '/home/admin/workspace/host_udp_ws/install/dog_udp_comm' in the environment variable CMAKE_PREFIX_PATH doesn't exist
[0.464s] WARNING:colcon.colcon_ros.prefix_path.catkin:The path '/home/admin/workspace/host_udp_ws/install/cspc_lidar' in the environment variable CMAKE_PREFIX_PATH doesn't exist
[0.480s] DEBUG:colcon.colcon_core.event_handler.log_command:Invoking command in '/home/admin/workspace/host_udp_ws/build/cspc_lidar': CMAKE_PREFIX_PATH=${CMAKE_PREFIX_PATH}:/opt/ros/humble /usr/bin/cmake /home/admin/workspace/host_udp_ws/src/cspc_lidar_sdk_ros2 -DCMAKE_INSTALL_PREFIX=/home/admin/workspace/host_udp_ws/install/cspc_lidar
[8.233s] DEBUG:colcon.colcon_core.event_handler.log_command:Invoked command in '/home/admin/workspace/host_udp_ws/build/cspc_lidar' returned '0': CMAKE_PREFIX_PATH=${CMAKE_PREFIX_PATH}:/opt/ros/humble /usr/bin/cmake /home/admin/workspace/host_udp_ws/src/cspc_lidar_sdk_ros2 -DCMAKE_INSTALL_PREFIX=/home/admin/workspace/host_udp_ws/install/cspc_lidar
[8.237s] DEBUG:colcon.colcon_core.event_handler.log_command:Invoking command in '/home/admin/workspace/host_udp_ws/build/cspc_lidar': CMAKE_PREFIX_PATH=${CMAKE_PREFIX_PATH}:/opt/ros/humble /usr/bin/cmake --build /home/admin/workspace/host_udp_ws/build/cspc_lidar -- -j8 -l8
[33.117s] DEBUG:colcon.colcon_core.event_handler.log_command:Invoked command in '/home/admin/workspace/host_udp_ws/build/cspc_lidar' returned '0': CMAKE_PREFIX_PATH=${CMAKE_PREFIX_PATH}:/opt/ros/humble /usr/bin/cmake --build /home/admin/workspace/host_udp_ws/build/cspc_lidar -- -j8 -l8
[33.160s] DEBUG:colcon.colcon_core.event_handler.log_command:Invoking command in '/home/admin/workspace/host_udp_ws/build/cspc_lidar': CMAKE_PREFIX_PATH=${CMAKE_PREFIX_PATH}:/opt/ros/humble /usr/bin/cmake --install /home/admin/workspace/host_udp_ws/build/cspc_lidar
[33.204s] Level 1:colcon.colcon_core.environment:create_environment_scripts_only(cspc_lidar)
[33.206s] DEBUG:colcon.colcon_core.event_handler.log_command:Invoked command in '/home/admin/workspace/host_udp_ws/build/cspc_lidar' returned '0': CMAKE_PREFIX_PATH=${CMAKE_PREFIX_PATH}:/opt/ros/humble /usr/bin/cmake --install /home/admin/workspace/host_udp_ws/build/cspc_lidar
[33.209s] Level 1:colcon.colcon_core.environment:checking '/home/admin/workspace/host_udp_ws/install/cspc_lidar' for CMake module files
[33.210s] Level 1:colcon.colcon_core.environment:checking '/home/admin/workspace/host_udp_ws/install/cspc_lidar' for CMake config files
[33.210s] Level 1:colcon.colcon_core.shell:create_environment_hook('cspc_lidar', 'cmake_prefix_path')
[33.210s] INFO:colcon.colcon_core.shell:Creating environment hook '/home/admin/workspace/host_udp_ws/install/cspc_lidar/share/cspc_lidar/hook/cmake_prefix_path.ps1'
[33.211s] INFO:colcon.colcon_core.shell:Creating environment descriptor '/home/admin/workspace/host_udp_ws/install/cspc_lidar/share/cspc_lidar/hook/cmake_prefix_path.dsv'
[33.212s] INFO:colcon.colcon_core.shell:Creating environment hook '/home/admin/workspace/host_udp_ws/install/cspc_lidar/share/cspc_lidar/hook/cmake_prefix_path.sh'
[33.213s] Level 1:colcon.colcon_core.environment:checking '/home/admin/workspace/host_udp_ws/install/cspc_lidar/lib'
[33.213s] Level 1:colcon.colcon_core.environment:checking '/home/admin/workspace/host_udp_ws/install/cspc_lidar/bin'
[33.213s] Level 1:colcon.colcon_core.environment:checking '/home/admin/workspace/host_udp_ws/install/cspc_lidar/lib/pkgconfig/cspc_lidar.pc'
[33.216s] Level 1:colcon.colcon_core.environment:checking '/home/admin/workspace/host_udp_ws/install/cspc_lidar/lib/python3.10/site-packages'
[33.216s] Level 1:colcon.colcon_core.environment:checking '/home/admin/workspace/host_udp_ws/install/cspc_lidar/bin'
[33.217s] INFO:colcon.colcon_core.shell:Creating package script '/home/admin/workspace/host_udp_ws/install/cspc_lidar/share/cspc_lidar/package.ps1'
[33.218s] INFO:colcon.colcon_core.shell:Creating package descriptor '/home/admin/workspace/host_udp_ws/install/cspc_lidar/share/cspc_lidar/package.dsv'
[33.219s] INFO:colcon.colcon_core.shell:Creating package script '/home/admin/workspace/host_udp_ws/install/cspc_lidar/share/cspc_lidar/package.sh'
[33.220s] INFO:colcon.colcon_core.shell:Creating package script '/home/admin/workspace/host_udp_ws/install/cspc_lidar/share/cspc_lidar/package.bash'
[33.233s] INFO:colcon.colcon_core.shell:Creating package script '/home/admin/workspace/host_udp_ws/install/cspc_lidar/share/cspc_lidar/package.zsh'
[33.234s] Level 1:colcon.colcon_core.environment:create_file_with_runtime_dependencies(/home/admin/workspace/host_udp_ws/install/cspc_lidar/share/colcon-core/packages/cspc_lidar)
[33.235s] Level 1:colcon.colcon_core.environment:create_environment_scripts_only(cspc_lidar)
[33.235s] Level 1:colcon.colcon_core.environment:checking '/home/admin/workspace/host_udp_ws/install/cspc_lidar' for CMake module files
[33.235s] Level 1:colcon.colcon_core.environment:checking '/home/admin/workspace/host_udp_ws/install/cspc_lidar' for CMake config files
[33.236s] Level 1:colcon.colcon_core.shell:create_environment_hook('cspc_lidar', 'cmake_prefix_path')
[33.236s] INFO:colcon.colcon_core.shell:Creating environment hook '/home/admin/workspace/host_udp_ws/install/cspc_lidar/share/cspc_lidar/hook/cmake_prefix_path.ps1'
[33.237s] INFO:colcon.colcon_core.shell:Creating environment descriptor '/home/admin/workspace/host_udp_ws/install/cspc_lidar/share/cspc_lidar/hook/cmake_prefix_path.dsv'
[33.237s] INFO:colcon.colcon_core.shell:Creating environment hook '/home/admin/workspace/host_udp_ws/install/cspc_lidar/share/cspc_lidar/hook/cmake_prefix_path.sh'
[33.238s] Level 1:colcon.colcon_core.environment:checking '/home/admin/workspace/host_udp_ws/install/cspc_lidar/lib'
[33.238s] Level 1:colcon.colcon_core.environment:checking '/home/admin/workspace/host_udp_ws/install/cspc_lidar/bin'
[33.238s] Level 1:colcon.colcon_core.environment:checking '/home/admin/workspace/host_udp_ws/install/cspc_lidar/lib/pkgconfig/cspc_lidar.pc'
[33.239s] Level 1:colcon.colcon_core.environment:checking '/home/admin/workspace/host_udp_ws/install/cspc_lidar/lib/python3.10/site-packages'
[33.239s] Level 1:colcon.colcon_core.environment:checking '/home/admin/workspace/host_udp_ws/install/cspc_lidar/bin'
[33.240s] INFO:colcon.colcon_core.shell:Creating package script '/home/admin/workspace/host_udp_ws/install/cspc_lidar/share/cspc_lidar/package.ps1'
[33.242s] INFO:colcon.colcon_core.shell:Creating package descriptor '/home/admin/workspace/host_udp_ws/install/cspc_lidar/share/cspc_lidar/package.dsv'
[33.244s] INFO:colcon.colcon_core.shell:Creating package script '/home/admin/workspace/host_udp_ws/install/cspc_lidar/share/cspc_lidar/package.sh'
[33.245s] INFO:colcon.colcon_core.shell:Creating package script '/home/admin/workspace/host_udp_ws/install/cspc_lidar/share/cspc_lidar/package.bash'
[33.246s] INFO:colcon.colcon_core.shell:Creating package script '/home/admin/workspace/host_udp_ws/install/cspc_lidar/share/cspc_lidar/package.zsh'
[33.248s] Level 1:colcon.colcon_core.environment:create_file_with_runtime_dependencies(/home/admin/workspace/host_udp_ws/install/cspc_lidar/share/colcon-core/packages/cspc_lidar)
[33.249s] INFO:colcon.colcon_ros.task.ament_cmake.build:Building ROS package in '/home/admin/workspace/host_udp_ws/src/dog_udp_comm' with build type 'ament_cmake'
[33.249s] INFO:colcon.colcon_cmake.task.cmake.build:Building CMake package in '/home/admin/workspace/host_udp_ws/src/dog_udp_comm'
[33.250s] INFO:colcon.colcon_core.shell:Skip shell extension 'powershell' for command environment: Not usable outside of PowerShell
[33.250s] DEBUG:colcon.colcon_core.shell:Skip shell extension 'dsv' for command environment
[33.281s] DEBUG:colcon.colcon_core.event_handler.log_command:Invoking command in '/home/admin/workspace/host_udp_ws/build/dog_udp_comm': AMENT_PREFIX_PATH=/home/admin/workspace/host_udp_ws/install/cspc_lidar:${AMENT_PREFIX_PATH} CMAKE_PREFIX_PATH=/home/admin/workspace/host_udp_ws/install/cspc_lidar:/home/admin/workspace/host_udp_ws/install/dog_udp_comm:/opt/ros/humble /usr/bin/cmake /home/admin/workspace/host_udp_ws/src/dog_udp_comm -DCMAKE_INSTALL_PREFIX=/home/admin/workspace/host_udp_ws/install/dog_udp_comm
[35.968s] DEBUG:colcon.colcon_core.event_handler.log_command:Invoked command in '/home/admin/workspace/host_udp_ws/build/dog_udp_comm' returned '0': AMENT_PREFIX_PATH=/home/admin/workspace/host_udp_ws/install/cspc_lidar:${AMENT_PREFIX_PATH} CMAKE_PREFIX_PATH=/home/admin/workspace/host_udp_ws/install/cspc_lidar:/home/admin/workspace/host_udp_ws/install/dog_udp_comm:/opt/ros/humble /usr/bin/cmake /home/admin/workspace/host_udp_ws/src/dog_udp_comm -DCMAKE_INSTALL_PREFIX=/home/admin/workspace/host_udp_ws/install/dog_udp_comm
[35.970s] DEBUG:colcon.colcon_core.event_handler.log_command:Invoking command in '/home/admin/workspace/host_udp_ws/build/dog_udp_comm': AMENT_PREFIX_PATH=/home/admin/workspace/host_udp_ws/install/cspc_lidar:${AMENT_PREFIX_PATH} CMAKE_PREFIX_PATH=/home/admin/workspace/host_udp_ws/install/cspc_lidar:/home/admin/workspace/host_udp_ws/install/dog_udp_comm:/opt/ros/humble /usr/bin/cmake --build /home/admin/workspace/host_udp_ws/build/dog_udp_comm -- -j8 -l8
[51.667s] DEBUG:colcon.colcon_core.event_handler.log_command:Invoked command in '/home/admin/workspace/host_udp_ws/build/dog_udp_comm' returned '0': AMENT_PREFIX_PATH=/home/admin/workspace/host_udp_ws/install/cspc_lidar:${AMENT_PREFIX_PATH} CMAKE_PREFIX_PATH=/home/admin/workspace/host_udp_ws/install/cspc_lidar:/home/admin/workspace/host_udp_ws/install/dog_udp_comm:/opt/ros/humble /usr/bin/cmake --build /home/admin/workspace/host_udp_ws/build/dog_udp_comm -- -j8 -l8
[51.670s] DEBUG:colcon.colcon_core.event_handler.log_command:Invoking command in '/home/admin/workspace/host_udp_ws/build/dog_udp_comm': AMENT_PREFIX_PATH=/home/admin/workspace/host_udp_ws/install/cspc_lidar:${AMENT_PREFIX_PATH} CMAKE_PREFIX_PATH=/home/admin/workspace/host_udp_ws/install/cspc_lidar:/home/admin/workspace/host_udp_ws/install/dog_udp_comm:/opt/ros/humble /usr/bin/cmake --install /home/admin/workspace/host_udp_ws/build/dog_udp_comm
[51.713s] Level 1:colcon.colcon_core.environment:create_environment_scripts_only(dog_udp_comm)
[51.713s] Level 1:colcon.colcon_core.environment:checking '/home/admin/workspace/host_udp_ws/install/dog_udp_comm' for CMake module files
[51.715s] Level 1:colcon.colcon_core.environment:checking '/home/admin/workspace/host_udp_ws/install/dog_udp_comm' for CMake config files
[51.715s] Level 1:colcon.colcon_core.shell:create_environment_hook('dog_udp_comm', 'cmake_prefix_path')
[51.716s] INFO:colcon.colcon_core.shell:Creating environment hook '/home/admin/workspace/host_udp_ws/install/dog_udp_comm/share/dog_udp_comm/hook/cmake_prefix_path.ps1'
[51.717s] INFO:colcon.colcon_core.shell:Creating environment descriptor '/home/admin/workspace/host_udp_ws/install/dog_udp_comm/share/dog_udp_comm/hook/cmake_prefix_path.dsv'
[51.717s] INFO:colcon.colcon_core.shell:Creating environment hook '/home/admin/workspace/host_udp_ws/install/dog_udp_comm/share/dog_udp_comm/hook/cmake_prefix_path.sh'
[51.719s] Level 1:colcon.colcon_core.environment:checking '/home/admin/workspace/host_udp_ws/install/dog_udp_comm/lib'
[51.719s] Level 1:colcon.colcon_core.environment:checking '/home/admin/workspace/host_udp_ws/install/dog_udp_comm/bin'
[51.719s] Level 1:colcon.colcon_core.environment:checking '/home/admin/workspace/host_udp_ws/install/dog_udp_comm/lib/pkgconfig/dog_udp_comm.pc'
[51.720s] Level 1:colcon.colcon_core.environment:checking '/home/admin/workspace/host_udp_ws/install/dog_udp_comm/lib/python3.10/site-packages'
[51.721s] Level 1:colcon.colcon_core.environment:checking '/home/admin/workspace/host_udp_ws/install/dog_udp_comm/bin'
[51.722s] INFO:colcon.colcon_core.shell:Creating package script '/home/admin/workspace/host_udp_ws/install/dog_udp_comm/share/dog_udp_comm/package.ps1'
[51.723s] DEBUG:colcon.colcon_core.event_handler.log_command:Invoked command in '/home/admin/workspace/host_udp_ws/build/dog_udp_comm' returned '0': AMENT_PREFIX_PATH=/home/admin/workspace/host_udp_ws/install/cspc_lidar:${AMENT_PREFIX_PATH} CMAKE_PREFIX_PATH=/home/admin/workspace/host_udp_ws/install/cspc_lidar:/home/admin/workspace/host_udp_ws/install/dog_udp_comm:/opt/ros/humble /usr/bin/cmake --install /home/admin/workspace/host_udp_ws/build/dog_udp_comm
[51.724s] INFO:colcon.colcon_core.shell:Creating package descriptor '/home/admin/workspace/host_udp_ws/install/dog_udp_comm/share/dog_udp_comm/package.dsv'
[51.724s] INFO:colcon.colcon_core.shell:Creating package script '/home/admin/workspace/host_udp_ws/install/dog_udp_comm/share/dog_udp_comm/package.sh'
[51.726s] INFO:colcon.colcon_core.shell:Creating package script '/home/admin/workspace/host_udp_ws/install/dog_udp_comm/share/dog_udp_comm/package.bash'
[51.726s] INFO:colcon.colcon_core.shell:Creating package script '/home/admin/workspace/host_udp_ws/install/dog_udp_comm/share/dog_udp_comm/package.zsh'
[51.727s] Level 1:colcon.colcon_core.environment:create_file_with_runtime_dependencies(/home/admin/workspace/host_udp_ws/install/dog_udp_comm/share/colcon-core/packages/dog_udp_comm)
[51.728s] Level 1:colcon.colcon_core.environment:create_environment_scripts_only(dog_udp_comm)
[51.728s] Level 1:colcon.colcon_core.environment:checking '/home/admin/workspace/host_udp_ws/install/dog_udp_comm' for CMake module files
[51.729s] Level 1:colcon.colcon_core.environment:checking '/home/admin/workspace/host_udp_ws/install/dog_udp_comm' for CMake config files
[51.730s] Level 1:colcon.colcon_core.shell:create_environment_hook('dog_udp_comm', 'cmake_prefix_path')
[51.730s] INFO:colcon.colcon_core.shell:Creating environment hook '/home/admin/workspace/host_udp_ws/install/dog_udp_comm/share/dog_udp_comm/hook/cmake_prefix_path.ps1'
[51.731s] INFO:colcon.colcon_core.shell:Creating environment descriptor '/home/admin/workspace/host_udp_ws/install/dog_udp_comm/share/dog_udp_comm/hook/cmake_prefix_path.dsv'
[51.731s] INFO:colcon.colcon_core.shell:Creating environment hook '/home/admin/workspace/host_udp_ws/install/dog_udp_comm/share/dog_udp_comm/hook/cmake_prefix_path.sh'
[51.732s] Level 1:colcon.colcon_core.environment:checking '/home/admin/workspace/host_udp_ws/install/dog_udp_comm/lib'
[51.732s] Level 1:colcon.colcon_core.environment:checking '/home/admin/workspace/host_udp_ws/install/dog_udp_comm/bin'
[51.732s] Level 1:colcon.colcon_core.environment:checking '/home/admin/workspace/host_udp_ws/install/dog_udp_comm/lib/pkgconfig/dog_udp_comm.pc'
[51.732s] Level 1:colcon.colcon_core.environment:checking '/home/admin/workspace/host_udp_ws/install/dog_udp_comm/lib/python3.10/site-packages'
[51.733s] Level 1:colcon.colcon_core.environment:checking '/home/admin/workspace/host_udp_ws/install/dog_udp_comm/bin'
[51.733s] INFO:colcon.colcon_core.shell:Creating package script '/home/admin/workspace/host_udp_ws/install/dog_udp_comm/share/dog_udp_comm/package.ps1'
[51.734s] INFO:colcon.colcon_core.shell:Creating package descriptor '/home/admin/workspace/host_udp_ws/install/dog_udp_comm/share/dog_udp_comm/package.dsv'
[51.735s] INFO:colcon.colcon_core.shell:Creating package script '/home/admin/workspace/host_udp_ws/install/dog_udp_comm/share/dog_udp_comm/package.sh'
[51.735s] INFO:colcon.colcon_core.shell:Creating package script '/home/admin/workspace/host_udp_ws/install/dog_udp_comm/share/dog_udp_comm/package.bash'
[51.736s] INFO:colcon.colcon_core.shell:Creating package script '/home/admin/workspace/host_udp_ws/install/dog_udp_comm/share/dog_udp_comm/package.zsh'
[51.736s] Level 1:colcon.colcon_core.environment:create_file_with_runtime_dependencies(/home/admin/workspace/host_udp_ws/install/dog_udp_comm/share/colcon-core/packages/dog_udp_comm)
[51.737s] DEBUG:colcon.colcon_parallel_executor.executor.parallel:closing loop
[51.738s] DEBUG:colcon.colcon_parallel_executor.executor.parallel:loop closed
[51.738s] DEBUG:colcon.colcon_parallel_executor.executor.parallel:run_until_complete finished with '0'
[51.738s] DEBUG:colcon.colcon_core.event_reactor:joining thread
[51.739s] DEBUG:colcon.colcon_core.event_reactor:joined thread
[51.742s] INFO:colcon.colcon_core.shell:Creating prefix script '/home/admin/workspace/host_udp_ws/install/local_setup.ps1'
[51.749s] INFO:colcon.colcon_core.shell:Creating prefix util module '/home/admin/workspace/host_udp_ws/install/_local_setup_util_ps1.py'
[51.758s] INFO:colcon.colcon_core.shell:Creating prefix chain script '/home/admin/workspace/host_udp_ws/install/setup.ps1'
[51.760s] INFO:colcon.colcon_core.shell:Creating prefix script '/home/admin/workspace/host_udp_ws/install/local_setup.sh'
[51.791s] INFO:colcon.colcon_core.shell:Creating prefix util module '/home/admin/workspace/host_udp_ws/install/_local_setup_util_sh.py'
[51.792s] INFO:colcon.colcon_core.shell:Creating prefix chain script '/home/admin/workspace/host_udp_ws/install/setup.sh'
[51.794s] INFO:colcon.colcon_core.shell:Creating prefix script '/home/admin/workspace/host_udp_ws/install/local_setup.bash'
[51.794s] INFO:colcon.colcon_core.shell:Creating prefix chain script '/home/admin/workspace/host_udp_ws/install/setup.bash'
[51.796s] INFO:colcon.colcon_core.shell:Creating prefix script '/home/admin/workspace/host_udp_ws/install/local_setup.zsh'
[51.797s] INFO:colcon.colcon_core.shell:Creating prefix chain script '/home/admin/workspace/host_udp_ws/install/setup.zsh'
